{"logTime": "1126/160052", "correlationVector":"WFj5ktQB9cTTM0STJgjmCx.1","action":"SyncServerConnectionManagerRequest", "result":"SYNC_SERVER_OK", "context":{"environment":"Prod_southindia_prod-s01-004-apac-southindia", "migrationStage":"NotStarted", "server":"akswtt023000022"}}
{"logTime": "1126/160052", "correlationVector":"WFj5ktQB9cTTM0STJgjmCx.2","action":"ProcessGetUpdates", "result":"Done", "context":{"dataType":"Encryption Keys", "deleted":"0", "process_failed_to_decrypt":"0", "process_pending_decryption":"0", "process_success":"1", "total":"1"}}
{"logTime": "1126/160054", "correlationVector":"fW9iS3+bD5u5pF3OHbUdHf","action":"SyncServerConnectionManagerRequest", "result":"SYNC_SERVER_OK", "context":{"environment":"", "migrationStage":"", "server":""}}
{"logTime": "1126/160054", "correlationVector":"fW9iS3+bD5u5pF3OHbUdHf.0","action":"EncryptionKeysFetcher.DownloadKeys:", "result":"Success", "context":Key count: 5, Last key timestamp: 2025-09-17T17:46:37Z}
{"logTime": "1126/160054", "correlationVector":"fW9iS3+bD5u5pF3OHbUdHf.1","action":"EncryptionKeysManager::SetEncryptionKeys:", "result":"Success", "context":Key names[5]:[xsdDxamNQfnMMzFAO0itpEMSXpVcRbiWwavPRuk2kdTK5zVbU7g+jedbCJVLcH4dXsXtvEJ/eOuk7quPXKklBg==][dETfmaF3SR/HMP2vHF7NoM6fkNVKtg6n2hX3BHVGS+pTi+ZM2wK5srETG9WryYTr+7CAdO2NMpPEAOm7ybDP2w==][l2vZ5Jyz4TH/wj/cxxgE3lSLrQUWDLFRmNvBXdC/9eN0taXzMcfe+WKjbU4fwb805/HwRo4F3csvg2Ibafd3sg==][+nfjnoUO7MBd5pfoiTFRNdCALMIl/a5z39pQad0//Mxw1yY1LeXTO7ouVzmg/VVS/yrx0OnQ15sEbgaJ2D6Zrw==][WtlPtvfOL5P1pEui+0V+vyL04B3gvaU6hGM6qtxH1zyHIGruU8pnhPnwV0O/uqp6VMzqe98IMhtyFM9pcb23dg==]}
{"logTime": "1126/160054", "correlationVector":"fW9iS3+bD5u5pF3OHbUdHf.2","action":"EncryptionKeysManager::SetEncryptionKeysWithTimestamps:", "result":"Success", "context":Key timestamps[5]:[2023-08-22T09:35:37Z][2024-02-20T06:37:16Z][2024-08-19T13:08:32Z][2025-03-19T07:22:13Z][2025-09-17T17:46:37Z]}
{"logTime": "1126/160054", "correlationVector":"WFj5ktQB9cTTM0STJgjmCx","action":"Initial GetUpdates", "result":"", "context":Reason: NEW_CLIENT. cV=WFj5ktQB9cTTM0STJgjmCx}
{"logTime": "1126/160054", "correlationVector":"WFj5ktQB9cTTM0STJgjmCx.3","action":"GetUpdates Response", "result":"Success", "context":Received 1 update(s). cV=WFj5ktQB9cTTM0STJgjmCx.0;server=akswtt023000022;cloudType=Consumer;environment=Prod_southindia_prod-s01-004-apac-southindia;migrationStage=NotStarted}
{"logTime": "1126/160054", "correlationVector":"6QOs6LgZ5aBobn2TUR1cGg","action":"Initial GetUpdates", "result":"", "context":Reason: NEWLY_SUPPORTED_DATATYPE. cV=6QOs6LgZ5aBobn2TUR1cGg}
{"logTime": "1126/160055", "correlationVector":"6QOs6LgZ5aBobn2TUR1cGg.1","action":"SyncServerConnectionManagerRequest", "result":"SYNC_SERVER_OK", "context":{"environment":"Prod_southindia_prod-s01-004-apac-southindia", "migrationStage":"NotStarted", "server":"akswtt02300001y"}}
{"logTime": "1126/160055", "correlationVector":"6QOs6LgZ5aBobn2TUR1cGg.2","action":"ProcessGetUpdates", "result":"Done", "context":{"dataType":"Preferences", "deleted":"0", "process_failed_to_decrypt":"0", "process_pending_decryption":"0", "process_success":"70", "total":"70"}}
{"logTime": "1126/160055", "correlationVector":"6QOs6LgZ5aBobn2TUR1cGg.3","action":"ProcessGetUpdates", "result":"Done", "context":{"dataType":"Passwords", "deleted":"0", "process_failed_to_decrypt":"0", "process_pending_decryption":"0", "process_success":"20", "total":"20"}}
{"logTime": "1126/160055", "correlationVector":"6QOs6LgZ5aBobn2TUR1cGg.4","action":"ProcessGetUpdates", "result":"Done", "context":{"dataType":"Device Info", "deleted":"0", "process_failed_to_decrypt":"0", "process_pending_decryption":"0", "process_success":"49", "total":"49"}}
{"logTime": "1126/160055", "correlationVector":"6QOs6LgZ5aBobn2TUR1cGg.5","action":"GetUpdates Response", "result":"Success", "context":Received 139 update(s). cV=6QOs6LgZ5aBobn2TUR1cGg.0;server=akswtt02300001y;cloudType=Consumer;environment=Prod_southindia_prod-s01-004-apac-southindia;migrationStage=NotStarted}
{"logTime": "1126/160055", "correlationVector":"zUCD+FB7p2GIkMcagsn+mh","action":"Initial GetUpdates", "result":"", "context":Reason: NEWLY_SUPPORTED_DATATYPE. cV=zUCD+FB7p2GIkMcagsn+mh}
{"logTime": "1126/160055", "correlationVector":"zUCD+FB7p2GIkMcagsn+mh.1","action":"SyncServerConnectionManagerRequest", "result":"SYNC_SERVER_OK", "context":{"environment":"Prod_southindia_prod-s01-004-apac-southindia", "migrationStage":"NotStarted", "server":"akswtt02300001y"}}
{"logTime": "1126/160055", "correlationVector":"zUCD+FB7p2GIkMcagsn+mh.2","action":"ProcessGetUpdates", "result":"Done", "context":{"dataType":"Bookmarks", "deleted":"0", "process_failed_to_decrypt":"0", "process_pending_decryption":"0", "process_success":"10", "total":"10"}}
{"logTime": "1126/160055", "correlationVector":"zUCD+FB7p2GIkMcagsn+mh.3","action":"GetUpdates Response", "result":"Success", "context":Received 10 update(s). cV=zUCD+FB7p2GIkMcagsn+mh.0;server=akswtt02300001y;cloudType=Consumer;environment=Prod_southindia_prod-s01-004-apac-southindia;migrationStage=NotStarted}
{"logTime": "1126/160055", "correlationVector":"cVSJTddW0AOsfw1Dp6JMB7","action":"Initial GetUpdates", "result":"", "context":Reason: NEWLY_SUPPORTED_DATATYPE. cV=cVSJTddW0AOsfw1Dp6JMB7}
{"logTime": "1126/160056", "correlationVector":"cVSJTddW0AOsfw1Dp6JMB7.1","action":"SyncServerConnectionManagerRequest", "result":"SYNC_SERVER_OK", "context":{"environment":"Prod_southindia_prod-s01-004-apac-southindia", "migrationStage":"NotStarted", "server":"akswtt02300000q"}}
{"logTime": "1126/160056", "correlationVector":"cVSJTddW0AOsfw1Dp6JMB7.2","action":"ProcessGetUpdates", "result":"Done", "context":{"dataType":"Autofill Profiles", "deleted":"1", "process_failed_to_decrypt":"0", "process_pending_decryption":"0", "process_success":"4", "total":"4"}}
{"logTime": "1126/160056", "correlationVector":"cVSJTddW0AOsfw1Dp6JMB7.3","action":"ProcessGetUpdates", "result":"Done", "context":{"dataType":"Autofill", "deleted":"0", "process_failed_to_decrypt":"0", "process_pending_decryption":"0", "process_success":"5", "total":"5"}}
{"logTime": "1126/160056", "correlationVector":"cVSJTddW0AOsfw1Dp6JMB7.4","action":"ProcessGetUpdates", "result":"Done", "context":{"dataType":"Extensions", "deleted":"0", "process_failed_to_decrypt":"0", "process_pending_decryption":"0", "process_success":"3", "total":"3"}}
{"logTime": "1126/160056", "correlationVector":"cVSJTddW0AOsfw1Dp6JMB7.5","action":"ProcessGetUpdates", "result":"Done", "context":{"dataType":"Sessions", "deleted":"50", "process_failed_to_decrypt":"0", "process_pending_decryption":"0", "process_success":"50", "total":"50"}}
{"logTime": "1126/160056", "correlationVector":"cVSJTddW0AOsfw1Dp6JMB7.6","action":"ProcessGetUpdates", "result":"Done", "context":{"dataType":"Edge Hub App Usage", "deleted":"1", "process_failed_to_decrypt":"0", "process_pending_decryption":"0", "process_success":"15", "total":"15"}}
{"logTime": "1126/160056", "correlationVector":"cVSJTddW0AOsfw1Dp6JMB7.7","action":"GetUpdates Response", "result":"Success", "context":Received 77 update(s). cV=cVSJTddW0AOsfw1Dp6JMB7.0;server=akswtt02300000q;cloudType=Consumer;environment=Prod_southindia_prod-s01-004-apac-southindia;migrationStage=NotStarted}
{"logTime": "1126/160056", "correlationVector":"zZhg7VIzvPE5h2VL3nFISt","action":"Initial GetUpdates", "result":"", "context":Reason: NEWLY_SUPPORTED_DATATYPE. cV=zZhg7VIzvPE5h2VL3nFISt}
{"logTime": "1126/160056", "correlationVector":"zZhg7VIzvPE5h2VL3nFISt.1","action":"SyncServerConnectionManagerRequest", "result":"SYNC_SERVER_OK", "context":{"environment":"Prod_southindia_prod-s01-004-apac-southindia", "migrationStage":"NotStarted", "server":"akswtt02300001c"}}
{"logTime": "1126/160056", "correlationVector":"zZhg7VIzvPE5h2VL3nFISt.2","action":"ProcessGetUpdates", "result":"Done", "context":{"dataType":"History", "deleted":"0", "process_failed_to_decrypt":"0", "process_pending_decryption":"0", "process_success":"3", "total":"3"}}
{"logTime": "1126/160056", "correlationVector":"zZhg7VIzvPE5h2VL3nFISt.3","action":"GetUpdates Response", "result":"Success", "context":Received 3 update(s). cV=zZhg7VIzvPE5h2VL3nFISt.0;server=akswtt02300001c;cloudType=Consumer;environment=Prod_southindia_prod-s01-004-apac-southindia;migrationStage=NotStarted}
{"logTime": "1126/160056", "correlationVector":"6DF9rmj0rO5wxtK+jSf73e","action":"Normal GetUpdate request", "result":"", "context":cV=6DF9rmj0rO5wxtK+jSf73e
Nudged types: Sessions, Device Info, User Consents
Refresh requested types: Bookmarks, Preferences, Passwords, Autofill Profiles, Autofill, Extensions, Sessions, Extension settings, History Delete Directives, Device Info, User Consents, Send Tab To Self, Web Apps, History, Saved Tab Group, WebAuthn Credentials, Collection, Edge E Drop, Edge Hub App Usage, Edge Wallet, Encryption Keys}
{"logTime": "1126/160057", "correlationVector":"6DF9rmj0rO5wxtK+jSf73e.1","action":"SyncServerConnectionManagerRequest", "result":"SYNC_SERVER_OK", "context":{"environment":"Prod_southindia_prod-s01-004-apac-southindia", "migrationStage":"NotStarted", "server":"akswtt02300001z"}}
{"logTime": "1126/160057", "correlationVector":"6DF9rmj0rO5wxtK+jSf73e.2","action":"GetUpdates Response", "result":"Success", "context":Received 0 update(s). cV=6DF9rmj0rO5wxtK+jSf73e.0;server=akswtt02300001z;cloudType=Consumer;environment=Prod_southindia_prod-s01-004-apac-southindia;migrationStage=NotStarted}
{"logTime": "1126/160057", "correlationVector":"s5fUdpfNFwvR8VxX6WUt0n","action":"DoCompareDataConsistency requsted types: ", "result":"Bookmarks, Preferences, Passwords, Extensions, Extension settings, History Delete Directives, Send Tab To Self, Web Apps, History, Saved Tab Group, WebAuthn Credentials, Collection, Edge E Drop, Edge Wallet, Encryption Keys"}
{"logTime": "1126/160057", "correlationVector":"s5fUdpfNFwvR8VxX6WUt0n.0","action":"CompareDataConsistency result: ", "result":"Compare result: Encryption Keys is consistent. local entities count is: 1 local entities hash is: 15lzwde/+o0hkqwdc1sje3vUsPg="}
{"logTime": "1126/160057", "correlationVector":"s5fUdpfNFwvR8VxX6WUt0n.1","action":"CompareDataConsistency result: ", "result":"Compare result: Bookmarks is consistent. local entities count is: 4 local entities hash is: khiZY64uBijMUkBc1S91axsDSM4="}
{"logTime": "1126/160057", "correlationVector":"s5fUdpfNFwvR8VxX6WUt0n.2","action":"CompareDataConsistency result: ", "result":"Compare result: Preferences is consistent. local entities count is: 70 local entities hash is: 98vGq2UGg8zZukiHBj0fnE+N7KI="}
{"logTime": "1126/160057", "correlationVector":"s5fUdpfNFwvR8VxX6WUt0n.3","action":"CompareDataConsistency result: ", "result":"Compare result: Extensions is consistent. local entities count is: 3 local entities hash is: Dge30oujpI+wvOq/nprP2Z6UjKE="}
{"logTime": "1126/160057", "correlationVector":"s5fUdpfNFwvR8VxX6WUt0n.4","action":"CompareDataConsistency result: ", "result":"Compare result: Extension settings is consistent. local entities count is: 0 local entities hash is: "}
{"logTime": "1126/160057", "correlationVector":"s5fUdpfNFwvR8VxX6WUt0n.5","action":"CompareDataConsistency result: ", "result":"Compare result: History Delete Directives is consistent. local entities count is: 0 local entities hash is: "}
{"logTime": "1126/160057", "correlationVector":"s5fUdpfNFwvR8VxX6WUt0n.6","action":"CompareDataConsistency result: ", "result":"Server did not send this Send Tab To Self local entities count is: 0 local entities hash is: "}
{"logTime": "1126/160057", "correlationVector":"s5fUdpfNFwvR8VxX6WUt0n.7","action":"CompareDataConsistency result: ", "result":"Compare result: Web Apps is consistent. local entities count is: 0 local entities hash is: "}
{"logTime": "1126/160057", "correlationVector":"s5fUdpfNFwvR8VxX6WUt0n.8","action":"CompareDataConsistency result: ", "result":"Server did not send this History local entities count is: 0 local entities hash is: "}
{"logTime": "1126/160057", "correlationVector":"s5fUdpfNFwvR8VxX6WUt0n.9","action":"CompareDataConsistency result: ", "result":"Compare result: Saved Tab Group is consistent. local entities count is: 0 local entities hash is: "}
{"logTime": "1126/160057", "correlationVector":"s5fUdpfNFwvR8VxX6WUt0n.10","action":"CompareDataConsistency result: ", "result":"Server did not send this WebAuthn Credentials local entities count is: 0 local entities hash is: "}
{"logTime": "1126/160057", "correlationVector":"s5fUdpfNFwvR8VxX6WUt0n.11","action":"CompareDataConsistency result: ", "result":"Compare result: Collection is consistent. local entities count is: 0 local entities hash is: "}
{"logTime": "1126/160057", "correlationVector":"s5fUdpfNFwvR8VxX6WUt0n.12","action":"CompareDataConsistency result: ", "result":"Compare result: Edge E Drop is consistent. local entities count is: 0 local entities hash is: "}
{"logTime": "1126/160057", "correlationVector":"s5fUdpfNFwvR8VxX6WUt0n.13","action":"CompareDataConsistency result: ", "result":"Compare result: Edge Wallet is consistent. local entities count is: 0 local entities hash is: "}
{"logTime": "1126/160057", "correlationVector":"s5fUdpfNFwvR8VxX6WUt0n.14","action":"CompareDataConsistency result: ", "result":"Compare result: Passwords is consistent. local entities count is: 20 local entities hash is: SekqU3i9PtNApuXsmsJel2B/05o="}
{"logTime": "1126/160057", "correlationVector":"4nQv9R74ip4t0ECqNem5u7","action":"Commit Request", "result":"", "context":Item count: 5
Contributing types: Sessions, Device Info, User Consents}
{"logTime": "1126/160059", "correlationVector":"4nQv9R74ip4t0ECqNem5u7.1","action":"SyncServerConnectionManagerRequest", "result":"SYNC_SERVER_OK", "context":{"environment":"Prod_southindia_prod-s01-004-apac-southindia", "migrationStage":"NotStarted", "server":"akswtt023000022"}}
{"logTime": "1126/160059", "correlationVector":"4nQv9R74ip4t0ECqNem5u7.2","action":"Commit Response", "result":"Success", "context":Result: Success. cV=4nQv9R74ip4t0ECqNem5u7.0;server=akswtt023000022;cloudType=Consumer;environment=Prod_southindia_prod-s01-004-apac-southindia;migrationStage=NotStarted}
{"logTime": "1126/160059", "correlationVector":"","action":"DIAGNOSTIC_REQUEST|v1/diagnosticData/Diagnostic.SendCheckResult()|SUCCESS", "result":""}
{"logTime": "1126/160119", "correlationVector":"XzlI7fvbEKKuOw7ds+72Rg","action":"Commit Request", "result":"", "context":Item count: 3
Contributing types: Preferences, Sessions, History}
{"logTime": "1126/160120", "correlationVector":"XzlI7fvbEKKuOw7ds+72Rg.1","action":"SyncServerConnectionManagerRequest", "result":"SYNC_SERVER_OK", "context":{"environment":"Prod_southindia_prod-s01-004-apac-southindia", "migrationStage":"NotStarted", "server":"akswtt02300001z"}}
{"logTime": "1126/160120", "correlationVector":"XzlI7fvbEKKuOw7ds+72Rg.2","action":"Commit Response", "result":"Success", "context":Result: Success. cV=XzlI7fvbEKKuOw7ds+72Rg.0;server=akswtt02300001z;cloudType=Consumer;environment=Prod_southindia_prod-s01-004-apac-southindia;migrationStage=NotStarted}
{"logTime": "1126/160147", "correlationVector":"QOjc5ajyL47BTYW5xR7twW","action":"Commit Request", "result":"", "context":Item count: 22
Contributing types: Passwords, Sessions, History}
{"logTime": "1126/160150", "correlationVector":"QOjc5ajyL47BTYW5xR7twW.1","action":"SyncServerConnectionManagerRequest", "result":"SYNC_SERVER_OK", "context":{"environment":"Prod_southindia_prod-s01-004-apac-southindia", "migrationStage":"NotStarted", "server":"akswtt023000014"}}
{"logTime": "1126/160150", "correlationVector":"QOjc5ajyL47BTYW5xR7twW.2","action":"Commit Response", "result":"Success", "context":Result: Success. cV=QOjc5ajyL47BTYW5xR7twW.0;server=akswtt023000014;cloudType=Consumer;environment=Prod_southindia_prod-s01-004-apac-southindia;migrationStage=NotStarted}
{"logTime": "1126/160310", "correlationVector":"POo00UmcMaD0MpRkXbQMBJ","action":"Commit Request", "result":"", "context":Item count: 11
Contributing types: Sessions, History}
{"logTime": "1126/160312", "correlationVector":"POo00UmcMaD0MpRkXbQMBJ.1","action":"SyncServerConnectionManagerRequest", "result":"SYNC_SERVER_OK", "context":{"environment":"Prod_southindia_prod-s01-004-apac-southindia", "migrationStage":"NotStarted", "server":"akswtt02300001h"}}
{"logTime": "1126/160312", "correlationVector":"POo00UmcMaD0MpRkXbQMBJ.2","action":"Commit Response", "result":"Success", "context":Result: Success. cV=POo00UmcMaD0MpRkXbQMBJ.0;server=akswtt02300001h;cloudType=Consumer;environment=Prod_southindia_prod-s01-004-apac-southindia;migrationStage=NotStarted}
{"logTime": "1126/160416", "correlationVector":"xQug0wCRsMA1Jax3WPIUAC","action":"Commit Request", "result":"", "context":Item count: 17
Contributing types: Sessions, History}
{"logTime": "1126/160418", "correlationVector":"xQug0wCRsMA1Jax3WPIUAC.1","action":"SyncServerConnectionManagerRequest", "result":"SYNC_SERVER_OK", "context":{"environment":"Prod_southindia_prod-s01-004-apac-southindia", "migrationStage":"NotStarted", "server":"akswtt02300001n"}}
{"logTime": "1126/160418", "correlationVector":"xQug0wCRsMA1Jax3WPIUAC.2","action":"Commit Response", "result":"Success", "context":Result: Success. cV=xQug0wCRsMA1Jax3WPIUAC.0;server=akswtt02300001n;cloudType=Consumer;environment=Prod_southindia_prod-s01-004-apac-southindia;migrationStage=NotStarted}
{"logTime": "1126/160643", "correlationVector":"fVwRKv5Jtqn9x2RsFl2ALc","action":"Commit Request", "result":"", "context":Item count: 4
Contributing types: Sessions, History}
{"logTime": "1126/160644", "correlationVector":"fVwRKv5Jtqn9x2RsFl2ALc.1","action":"SyncServerConnectionManagerRequest", "result":"SYNC_SERVER_OK", "context":{"environment":"Prod_southindia_prod-s01-004-apac-southindia", "migrationStage":"NotStarted", "server":"akswtt02300001j"}}
{"logTime": "1126/160644", "correlationVector":"fVwRKv5Jtqn9x2RsFl2ALc.2","action":"Commit Response", "result":"Success", "context":Result: Success. cV=fVwRKv5Jtqn9x2RsFl2ALc.0;server=akswtt02300001j;cloudType=Consumer;environment=Prod_southindia_prod-s01-004-apac-southindia;migrationStage=NotStarted}
{"logTime": "1126/161308", "correlationVector":"ECHAuPyFJczl9lp4DTHNQd","action":"Commit Request", "result":"", "context":Item count: 1
Contributing types: Sessions}
{"logTime": "1126/161308", "correlationVector":"ECHAuPyFJczl9lp4DTHNQd.1","action":"SyncServerConnectionManagerRequest", "result":"SYNC_SERVER_OK", "context":{"environment":"Prod_southindia_prod-s01-004-apac-southindia", "migrationStage":"NotStarted", "server":"akswtt023000008"}}
{"logTime": "1126/161308", "correlationVector":"ECHAuPyFJczl9lp4DTHNQd.2","action":"Commit Response", "result":"Success", "context":Result: Success. cV=ECHAuPyFJczl9lp4DTHNQd.0;server=akswtt023000008;cloudType=Consumer;environment=Prod_southindia_prod-s01-004-apac-southindia;migrationStage=NotStarted}
{"logTime": "1126/161537", "correlationVector":"9yH4gNyNeXWCAQds+J7cSG","action":"Commit Request", "result":"", "context":Item count: 11
Contributing types: Sessions, History}
{"logTime": "1126/161538", "correlationVector":"9yH4gNyNeXWCAQds+J7cSG.1","action":"SyncServerConnectionManagerRequest", "result":"SYNC_SERVER_OK", "context":{"environment":"Prod_southindia_prod-s01-004-apac-southindia", "migrationStage":"NotStarted", "server":"akswtt02300001w"}}
{"logTime": "1126/161538", "correlationVector":"9yH4gNyNeXWCAQds+J7cSG.2","action":"Commit Response", "result":"Success", "context":Result: Success. cV=9yH4gNyNeXWCAQds+J7cSG.0;server=akswtt02300001w;cloudType=Consumer;environment=Prod_southindia_prod-s01-004-apac-southindia;migrationStage=NotStarted}
{"logTime": "1126/161638", "correlationVector":"EmMo96yNG3odT3o9q9jzQS","action":"Commit Request", "result":"", "context":Item count: 13
Contributing types: Sessions, History}
{"logTime": "1126/161639", "correlationVector":"EmMo96yNG3odT3o9q9jzQS.1","action":"SyncServerConnectionManagerRequest", "result":"SYNC_SERVER_OK", "context":{"environment":"Prod_southindia_prod-s01-004-apac-southindia", "migrationStage":"NotStarted", "server":"akswtt02300001i"}}
{"logTime": "1126/161639", "correlationVector":"EmMo96yNG3odT3o9q9jzQS.2","action":"Commit Response", "result":"Success", "context":Result: Success. cV=EmMo96yNG3odT3o9q9jzQS.0;server=akswtt02300001i;cloudType=Consumer;environment=Prod_southindia_prod-s01-004-apac-southindia;migrationStage=NotStarted}
{"logTime": "1126/161755", "correlationVector":"OfiEvZM8K20eZBaq7DIqMS","action":"Commit Request", "result":"", "context":Item count: 11
Contributing types: Sessions, History}
{"logTime": "1126/161756", "correlationVector":"OfiEvZM8K20eZBaq7DIqMS.1","action":"SyncServerConnectionManagerRequest", "result":"SYNC_SERVER_OK", "context":{"environment":"Prod_southindia_prod-s01-004-apac-southindia", "migrationStage":"NotStarted", "server":"akswtt023000006"}}
{"logTime": "1126/161756", "correlationVector":"OfiEvZM8K20eZBaq7DIqMS.2","action":"Commit Response", "result":"Success", "context":Result: Success. cV=OfiEvZM8K20eZBaq7DIqMS.0;server=akswtt023000006;cloudType=Consumer;environment=Prod_southindia_prod-s01-004-apac-southindia;migrationStage=NotStarted}
{"logTime": "1126/161858", "correlationVector":"5MI0/TClugp4ijddwC207P","action":"Commit Request", "result":"", "context":Item count: 21
Contributing types: Sessions, History}
{"logTime": "1126/161900", "correlationVector":"5MI0/TClugp4ijddwC207P.1","action":"SyncServerConnectionManagerRequest", "result":"SYNC_SERVER_OK", "context":{"environment":"Prod_southindia_prod-s01-004-apac-southindia", "migrationStage":"NotStarted", "server":"akswtt02300000l"}}
{"logTime": "1126/161900", "correlationVector":"5MI0/TClugp4ijddwC207P.2","action":"Commit Response", "result":"Success", "context":Result: Success. cV=5MI0/TClugp4ijddwC207P.0;server=akswtt02300000l;cloudType=Consumer;environment=Prod_southindia_prod-s01-004-apac-southindia;migrationStage=NotStarted}
{"logTime": "1126/162000", "correlationVector":"5qmrrBT6Azwxxjv6rNvCay","action":"Commit Request", "result":"", "context":Item count: 15
Contributing types: Sessions, History}
{"logTime": "1126/162002", "correlationVector":"5qmrrBT6Azwxxjv6rNvCay.1","action":"SyncServerConnectionManagerRequest", "result":"SYNC_SERVER_OK", "context":{"environment":"Prod_southindia_prod-s01-004-apac-southindia", "migrationStage":"NotStarted", "server":"akswtt02300000a"}}
{"logTime": "1126/162002", "correlationVector":"5qmrrBT6Azwxxjv6rNvCay.2","action":"Commit Response", "result":"Success", "context":Result: Success. cV=5qmrrBT6Azwxxjv6rNvCay.0;server=akswtt02300000a;cloudType=Consumer;environment=Prod_southindia_prod-s01-004-apac-southindia;migrationStage=NotStarted}
{"logTime": "1126/162118", "correlationVector":"56KRkUbJboFH0mIVI3QxGX","action":"Commit Request", "result":"", "context":Item count: 7
Contributing types: Sessions, History}
{"logTime": "1126/162119", "correlationVector":"56KRkUbJboFH0mIVI3QxGX.1","action":"SyncServerConnectionManagerRequest", "result":"SYNC_SERVER_OK", "context":{"environment":"Prod_southindia_prod-s01-004-apac-southindia", "migrationStage":"NotStarted", "server":"akswtt023000018"}}
{"logTime": "1126/162119", "correlationVector":"56KRkUbJboFH0mIVI3QxGX.2","action":"Commit Response", "result":"Success", "context":Result: Success. cV=56KRkUbJboFH0mIVI3QxGX.0;server=akswtt023000018;cloudType=Consumer;environment=Prod_southindia_prod-s01-004-apac-southindia;migrationStage=NotStarted}
{"logTime": "1126/162220", "correlationVector":"qvgRQf1LWS+LHF8MK3BZgn","action":"Commit Request", "result":"", "context":Item count: 9
Contributing types: Sessions, History}
{"logTime": "1126/162221", "correlationVector":"qvgRQf1LWS+LHF8MK3BZgn.1","action":"SyncServerConnectionManagerRequest", "result":"SYNC_SERVER_OK", "context":{"environment":"Prod_southindia_prod-s01-004-apac-southindia", "migrationStage":"NotStarted", "server":"akswtt02300001x"}}
{"logTime": "1126/162221", "correlationVector":"qvgRQf1LWS+LHF8MK3BZgn.2","action":"Commit Response", "result":"Success", "context":Result: Success. cV=qvgRQf1LWS+LHF8MK3BZgn.0;server=akswtt02300001x;cloudType=Consumer;environment=Prod_southindia_prod-s01-004-apac-southindia;migrationStage=NotStarted}
{"logTime": "1126/162323", "correlationVector":"M6AVJ53D8MXu9w8Cmeohd0","action":"Commit Request", "result":"", "context":Item count: 1
Contributing types: Sessions}
{"logTime": "1126/162323", "correlationVector":"M6AVJ53D8MXu9w8Cmeohd0.1","action":"SyncServerConnectionManagerRequest", "result":"SYNC_SERVER_OK", "context":{"environment":"Prod_southindia_prod-s01-004-apac-southindia", "migrationStage":"NotStarted", "server":"akswtt02300000i"}}
{"logTime": "1126/162323", "correlationVector":"M6AVJ53D8MXu9w8Cmeohd0.2","action":"Commit Response", "result":"Success", "context":Result: Success. cV=M6AVJ53D8MXu9w8Cmeohd0.0;server=akswtt02300000i;cloudType=Consumer;environment=Prod_southindia_prod-s01-004-apac-southindia;migrationStage=NotStarted}
{"logTime": "1126/162538", "correlationVector":"kFul12xsWyNfOheSOH4oOz","action":"Commit Request", "result":"", "context":Item count: 4
Contributing types: Sessions, History}
{"logTime": "1126/162540", "correlationVector":"kFul12xsWyNfOheSOH4oOz.1","action":"SyncServerConnectionManagerRequest", "result":"SYNC_SERVER_OK", "context":{"environment":"Prod_southindia_prod-s01-004-apac-southindia", "migrationStage":"NotStarted", "server":"akswtt02300001z"}}
{"logTime": "1126/162540", "correlationVector":"kFul12xsWyNfOheSOH4oOz.2","action":"Commit Response", "result":"Success", "context":Result: Success. cV=kFul12xsWyNfOheSOH4oOz.0;server=akswtt02300001z;cloudType=Consumer;environment=Prod_southindia_prod-s01-004-apac-southindia;migrationStage=NotStarted}
{"logTime": "1126/162701", "correlationVector":"Q5lVStsnLPC8L6GSJ87P8e","action":"Commit Request", "result":"", "context":Item count: 7
Contributing types: Sessions, History}
{"logTime": "1126/162702", "correlationVector":"Q5lVStsnLPC8L6GSJ87P8e.1","action":"SyncServerConnectionManagerRequest", "result":"SYNC_SERVER_OK", "context":{"environment":"Prod_southindia_prod-s01-004-apac-southindia", "migrationStage":"NotStarted", "server":"akswtt02300000n"}}
{"logTime": "1126/162702", "correlationVector":"Q5lVStsnLPC8L6GSJ87P8e.2","action":"Commit Response", "result":"Success", "context":Result: Success. cV=Q5lVStsnLPC8L6GSJ87P8e.0;server=akswtt02300000n;cloudType=Consumer;environment=Prod_southindia_prod-s01-004-apac-southindia;migrationStage=NotStarted}
{"logTime": "1126/162913", "correlationVector":"CimzkTnyantvV5z1EAkgTQ","action":"Commit Request", "result":"", "context":Item count: 3
Contributing types: Sessions, History}
{"logTime": "1126/162914", "correlationVector":"CimzkTnyantvV5z1EAkgTQ.1","action":"SyncServerConnectionManagerRequest", "result":"SYNC_SERVER_OK", "context":{"environment":"Prod_southindia_prod-s01-004-apac-southindia", "migrationStage":"NotStarted", "server":"akswtt02300000k"}}
{"logTime": "1126/162914", "correlationVector":"CimzkTnyantvV5z1EAkgTQ.2","action":"Commit Response", "result":"Success", "context":Result: Success. cV=CimzkTnyantvV5z1EAkgTQ.0;server=akswtt02300000k;cloudType=Consumer;environment=Prod_southindia_prod-s01-004-apac-southindia;migrationStage=NotStarted}
{"logTime": "1126/164129", "correlationVector":"Q75mX9d/Nf+PNN5C8zyLGv","action":"Commit Request", "result":"", "context":Item count: 5
Contributing types: Sessions, History}
{"logTime": "1126/164130", "correlationVector":"Q75mX9d/Nf+PNN5C8zyLGv.1","action":"SyncServerConnectionManagerRequest", "result":"SYNC_SERVER_OK", "context":{"environment":"Prod_southindia_prod-s01-004-apac-southindia", "migrationStage":"NotStarted", "server":"akswtt02300001y"}}
{"logTime": "1126/164130", "correlationVector":"Q75mX9d/Nf+PNN5C8zyLGv.2","action":"Commit Response", "result":"Success", "context":Result: Success. cV=Q75mX9d/Nf+PNN5C8zyLGv.0;server=akswtt02300001y;cloudType=Consumer;environment=Prod_southindia_prod-s01-004-apac-southindia;migrationStage=NotStarted}
{"logTime": "1126/164325", "correlationVector":"sHH/neWOZ00GXa47SLEkWV","action":"Commit Request", "result":"", "context":Item count: 18
Contributing types: Sessions, History}
{"logTime": "1126/164326", "correlationVector":"sHH/neWOZ00GXa47SLEkWV.1","action":"SyncServerConnectionManagerRequest", "result":"SYNC_SERVER_OK", "context":{"environment":"Prod_southindia_prod-s01-004-apac-southindia", "migrationStage":"NotStarted", "server":"akswtt023000020"}}
{"logTime": "1126/164326", "correlationVector":"sHH/neWOZ00GXa47SLEkWV.2","action":"Commit Response", "result":"Success", "context":Result: Success. cV=sHH/neWOZ00GXa47SLEkWV.0;server=akswtt023000020;cloudType=Consumer;environment=Prod_southindia_prod-s01-004-apac-southindia;migrationStage=NotStarted}
{"logTime": "1126/165043", "correlationVector":"S6Gk9OBrbVvZ+QezT/s+48.1","action":"SyncServerConnectionManagerRequest", "result":"SYNC_SERVER_OK", "context":{"environment":"Prod_southindia_prod-s01-004-apac-southindia", "migrationStage":"NotStarted", "server":"akswtt02300001y"}}
{"logTime": "1126/165043", "correlationVector":"S6Gk9OBrbVvZ+QezT/s+48.2","action":"ProcessGetUpdates", "result":"Done", "context":{"dataType":"Encryption Keys", "deleted":"0", "process_failed_to_decrypt":"0", "process_pending_decryption":"0", "process_success":"1", "total":"1"}}
{"logTime": "1126/165043", "correlationVector":"3YG1LyIU+QTkdnnhrun63i","action":"SyncServerConnectionManagerRequest", "result":"SYNC_SERVER_OK", "context":{"environment":"", "migrationStage":"", "server":""}}
{"logTime": "1126/165043", "correlationVector":"3YG1LyIU+QTkdnnhrun63i.0","action":"EncryptionKeysFetcher.DownloadKeys:", "result":"Success", "context":Key count: 5, Last key timestamp: 2025-09-17T17:46:37Z}
{"logTime": "1126/165043", "correlationVector":"3YG1LyIU+QTkdnnhrun63i.1","action":"EncryptionKeysManager::SetEncryptionKeys:", "result":"Success", "context":Key names[5]:[xsdDxamNQfnMMzFAO0itpEMSXpVcRbiWwavPRuk2kdTK5zVbU7g+jedbCJVLcH4dXsXtvEJ/eOuk7quPXKklBg==][dETfmaF3SR/HMP2vHF7NoM6fkNVKtg6n2hX3BHVGS+pTi+ZM2wK5srETG9WryYTr+7CAdO2NMpPEAOm7ybDP2w==][l2vZ5Jyz4TH/wj/cxxgE3lSLrQUWDLFRmNvBXdC/9eN0taXzMcfe+WKjbU4fwb805/HwRo4F3csvg2Ibafd3sg==][+nfjnoUO7MBd5pfoiTFRNdCALMIl/a5z39pQad0//Mxw1yY1LeXTO7ouVzmg/VVS/yrx0OnQ15sEbgaJ2D6Zrw==][WtlPtvfOL5P1pEui+0V+vyL04B3gvaU6hGM6qtxH1zyHIGruU8pnhPnwV0O/uqp6VMzqe98IMhtyFM9pcb23dg==]}
{"logTime": "1126/165043", "correlationVector":"3YG1LyIU+QTkdnnhrun63i.2","action":"EncryptionKeysManager::SetEncryptionKeysWithTimestamps:", "result":"Success", "context":Key timestamps[5]:[2023-08-22T09:35:37Z][2024-02-20T06:37:16Z][2024-08-19T13:08:32Z][2025-03-19T07:22:13Z][2025-09-17T17:46:37Z]}
{"logTime": "1126/165043", "correlationVector":"S6Gk9OBrbVvZ+QezT/s+48","action":"Initial GetUpdates", "result":"", "context":Reason: NEW_CLIENT. cV=S6Gk9OBrbVvZ+QezT/s+48}
{"logTime": "1126/165043", "correlationVector":"S6Gk9OBrbVvZ+QezT/s+48.3","action":"GetUpdates Response", "result":"Success", "context":Received 1 update(s). cV=S6Gk9OBrbVvZ+QezT/s+48.0;server=akswtt02300001y;cloudType=Consumer;environment=Prod_southindia_prod-s01-004-apac-southindia;migrationStage=NotStarted}
{"logTime": "1126/165043", "correlationVector":"cSuXFLlMgWnieu3cNHkIOU","action":"Initial GetUpdates", "result":"", "context":Reason: NEWLY_SUPPORTED_DATATYPE. cV=cSuXFLlMgWnieu3cNHkIOU}
{"logTime": "1126/165043", "correlationVector":"cSuXFLlMgWnieu3cNHkIOU.1","action":"SyncServerConnectionManagerRequest", "result":"SYNC_SERVER_OK", "context":{"environment":"Prod_southindia_prod-s01-004-apac-southindia", "migrationStage":"NotStarted", "server":"akswtt02300001d"}}
{"logTime": "1126/165043", "correlationVector":"cSuXFLlMgWnieu3cNHkIOU.2","action":"ProcessGetUpdates", "result":"Done", "context":{"dataType":"Passwords", "deleted":"0", "process_failed_to_decrypt":"0", "process_pending_decryption":"0", "process_success":"20", "total":"20"}}
{"logTime": "1126/165043", "correlationVector":"cSuXFLlMgWnieu3cNHkIOU.3","action":"GetUpdates Response", "result":"Success", "context":Received 20 update(s). cV=cSuXFLlMgWnieu3cNHkIOU.0;server=akswtt02300001d;cloudType=Consumer;environment=Prod_southindia_prod-s01-004-apac-southindia;migrationStage=NotStarted}
{"logTime": "1126/165043", "correlationVector":"lBg0z0i0YjIyYi+fwJip4T","action":"Normal GetUpdate request", "result":"", "context":cV=lBg0z0i0YjIyYi+fwJip4T
Nudged types: Sessions, History
Refresh requested types: Bookmarks, Preferences, Passwords, Autofill Profiles, Autofill, Extensions, Sessions, Extension settings, History Delete Directives, Device Info, User Consents, Send Tab To Self, Web Apps, History, Saved Tab Group, WebAuthn Credentials, Collection, Edge E Drop, Edge Hub App Usage, Edge Wallet, Encryption Keys}
{"logTime": "1126/165044", "correlationVector":"lBg0z0i0YjIyYi+fwJip4T.1","action":"SyncServerConnectionManagerRequest", "result":"SYNC_SERVER_OK", "context":{"environment":"Prod_southindia_prod-s01-004-apac-southindia", "migrationStage":"NotStarted", "server":"akswtt023000027"}}
{"logTime": "1126/165044", "correlationVector":"lBg0z0i0YjIyYi+fwJip4T.2","action":"ProcessGetUpdates", "result":"Done", "context":{"dataType":"Preferences", "deleted":"0", "process_failed_to_decrypt":"0", "process_pending_decryption":"0", "process_success":"1", "total":"1"}}
{"logTime": "1126/165044", "correlationVector":"lBg0z0i0YjIyYi+fwJip4T.3","action":"ProcessGetUpdates", "result":"Done", "context":{"dataType":"Sessions", "deleted":"0", "process_failed_to_decrypt":"0", "process_pending_decryption":"0", "process_success":"2", "total":"2"}}
{"logTime": "1126/165044", "correlationVector":"lBg0z0i0YjIyYi+fwJip4T.4","action":"ProcessGetUpdates", "result":"Done", "context":{"dataType":"Device Info", "deleted":"0", "process_failed_to_decrypt":"0", "process_pending_decryption":"0", "process_success":"1", "total":"1"}}
{"logTime": "1126/165044", "correlationVector":"lBg0z0i0YjIyYi+fwJip4T.5","action":"ProcessGetUpdates", "result":"Done", "context":{"dataType":"History", "deleted":"0", "process_failed_to_decrypt":"0", "process_pending_decryption":"0", "process_success":"128", "total":"128"}}
{"logTime": "1126/165044", "correlationVector":"lBg0z0i0YjIyYi+fwJip4T.6","action":"GetUpdates Response", "result":"Success", "context":Received 132 update(s). cV=lBg0z0i0YjIyYi+fwJip4T.0;server=akswtt023000027;cloudType=Consumer;environment=Prod_southindia_prod-s01-004-apac-southindia;migrationStage=NotStarted}
{"logTime": "1126/165045", "correlationVector":"SlXePhof/flYVKgFCAsCji","action":"Commit Request", "result":"", "context":Item count: 5
Contributing types: Sessions, History}
{"logTime": "1126/165045", "correlationVector":"SlXePhof/flYVKgFCAsCji.1","action":"SyncServerConnectionManagerRequest", "result":"SYNC_SERVER_OK", "context":{"environment":"Prod_southindia_prod-s01-004-apac-southindia", "migrationStage":"NotStarted", "server":"akswtt02300000u"}}
{"logTime": "1126/165045", "correlationVector":"SlXePhof/flYVKgFCAsCji.2","action":"Commit Response", "result":"Success", "context":Result: Success. cV=SlXePhof/flYVKgFCAsCji.0;server=akswtt02300000u;cloudType=Consumer;environment=Prod_southindia_prod-s01-004-apac-southindia;migrationStage=NotStarted}
{"logTime": "1126/165145", "correlationVector":"Bg2ByvQJA5YfBmI0MjpwQK","action":"Commit Request", "result":"", "context":Item count: 3
Contributing types: Sessions, History}
{"logTime": "1126/165146", "correlationVector":"Bg2ByvQJA5YfBmI0MjpwQK.1","action":"SyncServerConnectionManagerRequest", "result":"SYNC_SERVER_OK", "context":{"environment":"Prod_southindia_prod-s01-004-apac-southindia", "migrationStage":"NotStarted", "server":"akswtt02300001q"}}
{"logTime": "1126/165146", "correlationVector":"Bg2ByvQJA5YfBmI0MjpwQK.3","action":"Commit.Sessions", "result":"Success", "context":{"id":"e891ad04-d895-406c-812a-2685840762af", "isDeleted":"true", "size":"0", "version":"1764175846521"}}
{"logTime": "1126/165146", "correlationVector":"Bg2ByvQJA5YfBmI0MjpwQK.2","action":"Commit Response", "result":"Success", "context":Result: Success. cV=Bg2ByvQJA5YfBmI0MjpwQK.0;server=akswtt02300001q;cloudType=Consumer;environment=Prod_southindia_prod-s01-004-apac-southindia;migrationStage=NotStarted}
{"logTime": "1126/165438", "correlationVector":"OC6GJbPNkMzqbP0w2TSNgx","action":"Commit Request", "result":"", "context":Item count: 9
Contributing types: Sessions, History}
{"logTime": "1126/165439", "correlationVector":"OC6GJbPNkMzqbP0w2TSNgx.1","action":"SyncServerConnectionManagerRequest", "result":"SYNC_SERVER_OK", "context":{"environment":"Prod_southindia_prod-s01-004-apac-southindia", "migrationStage":"NotStarted", "server":"akswtt02300002c"}}
{"logTime": "1126/165439", "correlationVector":"OC6GJbPNkMzqbP0w2TSNgx.2","action":"Commit Response", "result":"Success", "context":Result: Success. cV=OC6GJbPNkMzqbP0w2TSNgx.0;server=akswtt02300002c;cloudType=Consumer;environment=Prod_southindia_prod-s01-004-apac-southindia;migrationStage=NotStarted}
{"logTime": "1126/165827", "correlationVector":"Ta4JAI8wFKeKCYpg1yJpNf","action":"Commit Request", "result":"", "context":Item count: 2
Contributing types: Sessions, History}
{"logTime": "1126/165829", "correlationVector":"Ta4JAI8wFKeKCYpg1yJpNf.1","action":"SyncServerConnectionManagerRequest", "result":"SYNC_SERVER_OK", "context":{"environment":"Prod_southindia_prod-s01-004-apac-southindia", "migrationStage":"NotStarted", "server":"akswtt02300001r"}}
{"logTime": "1126/165829", "correlationVector":"Ta4JAI8wFKeKCYpg1yJpNf.2","action":"Commit Response", "result":"Success", "context":Result: Success. cV=Ta4JAI8wFKeKCYpg1yJpNf.0;server=akswtt02300001r;cloudType=Consumer;environment=Prod_southindia_prod-s01-004-apac-southindia;migrationStage=NotStarted}
{"logTime": "1126/170204", "correlationVector":"rOjuy9Scm83pBYro0hhDaw","action":"Commit Request", "result":"", "context":Item count: 11
Contributing types: Sessions, History}
{"logTime": "1126/170205", "correlationVector":"rOjuy9Scm83pBYro0hhDaw.1","action":"SyncServerConnectionManagerRequest", "result":"SYNC_SERVER_OK", "context":{"environment":"Prod_southindia_prod-s01-004-apac-southindia", "migrationStage":"NotStarted", "server":"akswtt023000020"}}
{"logTime": "1126/170205", "correlationVector":"rOjuy9Scm83pBYro0hhDaw.2","action":"Commit Response", "result":"Success", "context":Result: Success. cV=rOjuy9Scm83pBYro0hhDaw.0;server=akswtt023000020;cloudType=Consumer;environment=Prod_southindia_prod-s01-004-apac-southindia;migrationStage=NotStarted}
{"logTime": "1126/170305", "correlationVector":"5cqtpzlF1JcJwBaUNFKlMB","action":"Commit Request", "result":"", "context":Item count: 10
Contributing types: Sessions, History}
{"logTime": "1126/170307", "correlationVector":"5cqtpzlF1JcJwBaUNFKlMB.1","action":"SyncServerConnectionManagerRequest", "result":"SYNC_SERVER_OK", "context":{"environment":"Prod_southindia_prod-s01-004-apac-southindia", "migrationStage":"NotStarted", "server":"akswtt02300001m"}}
{"logTime": "1126/170307", "correlationVector":"5cqtpzlF1JcJwBaUNFKlMB.2","action":"Commit Response", "result":"Success", "context":Result: Success. cV=5cqtpzlF1JcJwBaUNFKlMB.0;server=akswtt02300001m;cloudType=Consumer;environment=Prod_southindia_prod-s01-004-apac-southindia;migrationStage=NotStarted}
{"logTime": "1126/170907", "correlationVector":"Lp4Ws1Bj1M3fllR7RORCbT","action":"Commit Request", "result":"", "context":Item count: 9
Contributing types: Sessions, History}
{"logTime": "1126/170908", "correlationVector":"Lp4Ws1Bj1M3fllR7RORCbT.1","action":"SyncServerConnectionManagerRequest", "result":"SYNC_SERVER_OK", "context":{"environment":"Prod_southindia_prod-s01-004-apac-southindia", "migrationStage":"NotStarted", "server":"akswtt023000008"}}
{"logTime": "1126/170908", "correlationVector":"Lp4Ws1Bj1M3fllR7RORCbT.2","action":"Commit Response", "result":"Success", "context":Result: Success. cV=Lp4Ws1Bj1M3fllR7RORCbT.0;server=akswtt023000008;cloudType=Consumer;environment=Prod_southindia_prod-s01-004-apac-southindia;migrationStage=NotStarted}
{"logTime": "1126/171208", "correlationVector":"8X4p8Bn3nVNoLlvh/EGAgF","action":"Commit Request", "result":"", "context":Item count: 15
Contributing types: Sessions, History}
{"logTime": "1126/171210", "correlationVector":"8X4p8Bn3nVNoLlvh/EGAgF.1","action":"SyncServerConnectionManagerRequest", "result":"SYNC_SERVER_OK", "context":{"environment":"Prod_southindia_prod-s01-004-apac-southindia", "migrationStage":"NotStarted", "server":"akswtt023000005"}}
{"logTime": "1126/171210", "correlationVector":"8X4p8Bn3nVNoLlvh/EGAgF.2","action":"Commit Response", "result":"Success", "context":Result: Success. cV=8X4p8Bn3nVNoLlvh/EGAgF.0;server=akswtt023000005;cloudType=Consumer;environment=Prod_southindia_prod-s01-004-apac-southindia;migrationStage=NotStarted}
{"logTime": "1126/171330", "correlationVector":"jQUFURZSQMXJMbtUrOR5QW","action":"Commit Request", "result":"", "context":Item count: 22
Contributing types: Sessions, History}
{"logTime": "1126/171332", "correlationVector":"jQUFURZSQMXJMbtUrOR5QW.1","action":"SyncServerConnectionManagerRequest", "result":"SYNC_SERVER_OK", "context":{"environment":"Prod_southindia_prod-s01-004-apac-southindia", "migrationStage":"NotStarted", "server":"akswtt02300000c"}}
{"logTime": "1126/171332", "correlationVector":"jQUFURZSQMXJMbtUrOR5QW.2","action":"Commit Response", "result":"Success", "context":Result: Success. cV=jQUFURZSQMXJMbtUrOR5QW.0;server=akswtt02300000c;cloudType=Consumer;environment=Prod_southindia_prod-s01-004-apac-southindia;migrationStage=NotStarted}
{"logTime": "1126/171514", "correlationVector":"gd0dUnO2M7u2Mm3Op2MMmC","action":"Commit Request", "result":"", "context":Item count: 5
Contributing types: Sessions, History}
{"logTime": "1126/171515", "correlationVector":"gd0dUnO2M7u2Mm3Op2MMmC.1","action":"SyncServerConnectionManagerRequest", "result":"SYNC_SERVER_OK", "context":{"environment":"Prod_southindia_prod-s01-004-apac-southindia", "migrationStage":"NotStarted", "server":"akswtt023000012"}}
{"logTime": "1126/171515", "correlationVector":"gd0dUnO2M7u2Mm3Op2MMmC.2","action":"Commit Response", "result":"Success", "context":Result: Success. cV=gd0dUnO2M7u2Mm3Op2MMmC.0;server=akswtt023000012;cloudType=Consumer;environment=Prod_southindia_prod-s01-004-apac-southindia;migrationStage=NotStarted}
{"logTime": "1126/171721", "correlationVector":"dFp3SCxA3YCQBWEWk1OZA/","action":"Commit Request", "result":"", "context":Item count: 2
Contributing types: Sessions, History}
{"logTime": "1126/171721", "correlationVector":"dFp3SCxA3YCQBWEWk1OZA/.1","action":"SyncServerConnectionManagerRequest", "result":"SYNC_SERVER_OK", "context":{"environment":"Prod_southindia_prod-s01-004-apac-southindia", "migrationStage":"NotStarted", "server":"akswtt023000020"}}
{"logTime": "1126/171721", "correlationVector":"dFp3SCxA3YCQBWEWk1OZA/.2","action":"Commit Response", "result":"Success", "context":Result: Success. cV=dFp3SCxA3YCQBWEWk1OZA/.0;server=akswtt023000020;cloudType=Consumer;environment=Prod_southindia_prod-s01-004-apac-southindia;migrationStage=NotStarted}
{"logTime": "1126/171856", "correlationVector":"I3o2aRgDoADsOT+qdnae8+","action":"Commit Request", "result":"", "context":Item count: 34
Contributing types: Sessions, History}
{"logTime": "1126/171858", "correlationVector":"I3o2aRgDoADsOT+qdnae8+.1","action":"SyncServerConnectionManagerRequest", "result":"SYNC_SERVER_OK", "context":{"environment":"Prod_southindia_prod-s01-004-apac-southindia", "migrationStage":"NotStarted", "server":"akswtt023000004"}}
{"logTime": "1126/171858", "correlationVector":"I3o2aRgDoADsOT+qdnae8+.2","action":"Commit Response", "result":"Success", "context":Result: Success. cV=I3o2aRgDoADsOT+qdnae8+.0;server=akswtt023000004;cloudType=Consumer;environment=Prod_southindia_prod-s01-004-apac-southindia;migrationStage=NotStarted}
{"logTime": "1126/171958", "correlationVector":"mJppPIkndP0tc22QPGHukK","action":"Commit Request", "result":"", "context":Item count: 4
Contributing types: Sessions, History}
{"logTime": "1126/171959", "correlationVector":"mJppPIkndP0tc22QPGHukK.1","action":"SyncServerConnectionManagerRequest", "result":"SYNC_SERVER_OK", "context":{"environment":"Prod_southindia_prod-s01-004-apac-southindia", "migrationStage":"NotStarted", "server":"akswtt02300000r"}}
{"logTime": "1126/171959", "correlationVector":"mJppPIkndP0tc22QPGHukK.2","action":"Commit Response", "result":"Success", "context":Result: Success. cV=mJppPIkndP0tc22QPGHukK.0;server=akswtt02300000r;cloudType=Consumer;environment=Prod_southindia_prod-s01-004-apac-southindia;migrationStage=NotStarted}
{"logTime": "1126/172114", "correlationVector":"iX95M2vClrqv17ajeVfAmE","action":"Commit Request", "result":"", "context":Item count: 5
Contributing types: Sessions, History}
{"logTime": "1126/172115", "correlationVector":"iX95M2vClrqv17ajeVfAmE.1","action":"SyncServerConnectionManagerRequest", "result":"SYNC_SERVER_OK", "context":{"environment":"Prod_southindia_prod-s01-004-apac-southindia", "migrationStage":"NotStarted", "server":"akswtt02300001e"}}
{"logTime": "1126/172115", "correlationVector":"iX95M2vClrqv17ajeVfAmE.2","action":"Commit Response", "result":"Success", "context":Result: Success. cV=iX95M2vClrqv17ajeVfAmE.0;server=akswtt02300001e;cloudType=Consumer;environment=Prod_southindia_prod-s01-004-apac-southindia;migrationStage=NotStarted}
{"logTime": "1126/172215", "correlationVector":"LTefiM2aV/ZvsJK+uw2xPO","action":"Commit Request", "result":"", "context":Item count: 12
Contributing types: Sessions, History}
{"logTime": "1126/172216", "correlationVector":"LTefiM2aV/ZvsJK+uw2xPO.1","action":"SyncServerConnectionManagerRequest", "result":"SYNC_SERVER_OK", "context":{"environment":"Prod_southindia_prod-s01-004-apac-southindia", "migrationStage":"NotStarted", "server":"akswtt02300001x"}}
{"logTime": "1126/172216", "correlationVector":"LTefiM2aV/ZvsJK+uw2xPO.2","action":"Commit Response", "result":"Success", "context":Result: Success. cV=LTefiM2aV/ZvsJK+uw2xPO.0;server=akswtt02300001x;cloudType=Consumer;environment=Prod_southindia_prod-s01-004-apac-southindia;migrationStage=NotStarted}
{"logTime": "1126/172316", "correlationVector":"ghDLoLd5JoWhOC+1pBEpMF","action":"Commit Request", "result":"", "context":Item count: 7
Contributing types: Sessions, History}
{"logTime": "1126/172317", "correlationVector":"ghDLoLd5JoWhOC+1pBEpMF.1","action":"SyncServerConnectionManagerRequest", "result":"SYNC_SERVER_OK", "context":{"environment":"Prod_southindia_prod-s01-004-apac-southindia", "migrationStage":"NotStarted", "server":"akswtt02300001d"}}
{"logTime": "1126/172317", "correlationVector":"ghDLoLd5JoWhOC+1pBEpMF.2","action":"Commit Response", "result":"Success", "context":Result: Success. cV=ghDLoLd5JoWhOC+1pBEpMF.0;server=akswtt02300001d;cloudType=Consumer;environment=Prod_southindia_prod-s01-004-apac-southindia;migrationStage=NotStarted}
{"logTime": "1126/172442", "correlationVector":"zlmNcurfxz3AZhHrn5XAfo","action":"Commit Request", "result":"", "context":Item count: 3
Contributing types: Sessions, History}
{"logTime": "1126/172443", "correlationVector":"zlmNcurfxz3AZhHrn5XAfo.1","action":"SyncServerConnectionManagerRequest", "result":"SYNC_SERVER_OK", "context":{"environment":"Prod_southindia_prod-s01-004-apac-southindia", "migrationStage":"NotStarted", "server":"akswtt02300001e"}}
{"logTime": "1126/172443", "correlationVector":"zlmNcurfxz3AZhHrn5XAfo.2","action":"Commit Response", "result":"Success", "context":Result: Success. cV=zlmNcurfxz3AZhHrn5XAfo.0;server=akswtt02300001e;cloudType=Consumer;environment=Prod_southindia_prod-s01-004-apac-southindia;migrationStage=NotStarted}
{"logTime": "1126/172546", "correlationVector":"Ds8r/MvjpUJmywTmqIOPfg","action":"Commit Request", "result":"", "context":Item count: 4
Contributing types: Sessions, History}
{"logTime": "1126/172547", "correlationVector":"Ds8r/MvjpUJmywTmqIOPfg.1","action":"SyncServerConnectionManagerRequest", "result":"SYNC_SERVER_OK", "context":{"environment":"Prod_southindia_prod-s01-004-apac-southindia", "migrationStage":"NotStarted", "server":"akswtt02300001u"}}
{"logTime": "1126/172547", "correlationVector":"Ds8r/MvjpUJmywTmqIOPfg.2","action":"Commit Response", "result":"Success", "context":Result: Success. cV=Ds8r/MvjpUJmywTmqIOPfg.0;server=akswtt02300001u;cloudType=Consumer;environment=Prod_southindia_prod-s01-004-apac-southindia;migrationStage=NotStarted}
{"logTime": "1126/172929", "correlationVector":"zHwroqSz2QoDQsC1WSTVBx","action":"Commit Request", "result":"", "context":Item count: 9
Contributing types: Sessions, History}
{"logTime": "1126/172930", "correlationVector":"zHwroqSz2QoDQsC1WSTVBx.1","action":"SyncServerConnectionManagerRequest", "result":"SYNC_SERVER_OK", "context":{"environment":"Prod_southindia_prod-s01-004-apac-southindia", "migrationStage":"NotStarted", "server":"akswtt02300001a"}}
{"logTime": "1126/172930", "correlationVector":"zHwroqSz2QoDQsC1WSTVBx.2","action":"Commit Response", "result":"Success", "context":Result: Success. cV=zHwroqSz2QoDQsC1WSTVBx.0;server=akswtt02300001a;cloudType=Consumer;environment=Prod_southindia_prod-s01-004-apac-southindia;migrationStage=NotStarted}
{"logTime": "1126/173047", "correlationVector":"v7++4B5gmOP+gmrhG8b6P9","action":"Commit Request", "result":"", "context":Item count: 8
Contributing types: Sessions, History}
{"logTime": "1126/173048", "correlationVector":"v7++4B5gmOP+gmrhG8b6P9.1","action":"SyncServerConnectionManagerRequest", "result":"SYNC_SERVER_OK", "context":{"environment":"Prod_southindia_prod-s01-004-apac-southindia", "migrationStage":"NotStarted", "server":"akswtt02300000z"}}
{"logTime": "1126/173048", "correlationVector":"v7++4B5gmOP+gmrhG8b6P9.2","action":"Commit Response", "result":"Success", "context":Result: Success. cV=v7++4B5gmOP+gmrhG8b6P9.0;server=akswtt02300000z;cloudType=Consumer;environment=Prod_southindia_prod-s01-004-apac-southindia;migrationStage=NotStarted}
{"logTime": "1126/173148", "correlationVector":"XKWYqOL2TWd9rVL7V2eeDM","action":"Commit Request", "result":"", "context":Item count: 12
Contributing types: Sessions, History}
{"logTime": "1126/173150", "correlationVector":"XKWYqOL2TWd9rVL7V2eeDM.1","action":"SyncServerConnectionManagerRequest", "result":"SYNC_SERVER_OK", "context":{"environment":"Prod_southindia_prod-s01-004-apac-southindia", "migrationStage":"NotStarted", "server":"akswtt02300001a"}}
{"logTime": "1126/173150", "correlationVector":"XKWYqOL2TWd9rVL7V2eeDM.2","action":"Commit Response", "result":"Success", "context":Result: Success. cV=XKWYqOL2TWd9rVL7V2eeDM.0;server=akswtt02300001a;cloudType=Consumer;environment=Prod_southindia_prod-s01-004-apac-southindia;migrationStage=NotStarted}
{"logTime": "1126/174401", "correlationVector":"R3rKrCmozjBd6+vJV8WuUz.1","action":"SyncServerConnectionManagerRequest", "result":"SYNC_SERVER_OK", "context":{"environment":"Prod_southindia_prod-s01-004-apac-southindia", "migrationStage":"NotStarted", "server":"akswtt02300000w"}}
{"logTime": "1126/174401", "correlationVector":"R3rKrCmozjBd6+vJV8WuUz.2","action":"ProcessGetUpdates", "result":"Done", "context":{"dataType":"Encryption Keys", "deleted":"0", "process_failed_to_decrypt":"0", "process_pending_decryption":"0", "process_success":"1", "total":"1"}}
{"logTime": "1126/174403", "correlationVector":"PzEpZQ5NjWWQOHXjPWjQt3","action":"SyncServerConnectionManagerRequest", "result":"SYNC_SERVER_OK", "context":{"environment":"", "migrationStage":"", "server":""}}
{"logTime": "1126/174403", "correlationVector":"PzEpZQ5NjWWQOHXjPWjQt3.0","action":"EncryptionKeysFetcher.DownloadKeys:", "result":"Success", "context":Key count: 5, Last key timestamp: 2025-09-17T17:46:37Z}
{"logTime": "1126/174403", "correlationVector":"PzEpZQ5NjWWQOHXjPWjQt3.1","action":"EncryptionKeysManager::SetEncryptionKeys:", "result":"Success", "context":Key names[5]:[xsdDxamNQfnMMzFAO0itpEMSXpVcRbiWwavPRuk2kdTK5zVbU7g+jedbCJVLcH4dXsXtvEJ/eOuk7quPXKklBg==][dETfmaF3SR/HMP2vHF7NoM6fkNVKtg6n2hX3BHVGS+pTi+ZM2wK5srETG9WryYTr+7CAdO2NMpPEAOm7ybDP2w==][l2vZ5Jyz4TH/wj/cxxgE3lSLrQUWDLFRmNvBXdC/9eN0taXzMcfe+WKjbU4fwb805/HwRo4F3csvg2Ibafd3sg==][+nfjnoUO7MBd5pfoiTFRNdCALMIl/a5z39pQad0//Mxw1yY1LeXTO7ouVzmg/VVS/yrx0OnQ15sEbgaJ2D6Zrw==][WtlPtvfOL5P1pEui+0V+vyL04B3gvaU6hGM6qtxH1zyHIGruU8pnhPnwV0O/uqp6VMzqe98IMhtyFM9pcb23dg==]}
{"logTime": "1126/174403", "correlationVector":"PzEpZQ5NjWWQOHXjPWjQt3.2","action":"EncryptionKeysManager::SetEncryptionKeysWithTimestamps:", "result":"Success", "context":Key timestamps[5]:[2023-08-22T09:35:37Z][2024-02-20T06:37:16Z][2024-08-19T13:08:32Z][2025-03-19T07:22:13Z][2025-09-17T17:46:37Z]}
{"logTime": "1126/174403", "correlationVector":"R3rKrCmozjBd6+vJV8WuUz","action":"Initial GetUpdates", "result":"", "context":Reason: NEW_CLIENT. cV=R3rKrCmozjBd6+vJV8WuUz}
{"logTime": "1126/174403", "correlationVector":"R3rKrCmozjBd6+vJV8WuUz.3","action":"GetUpdates Response", "result":"Success", "context":Received 1 update(s). cV=R3rKrCmozjBd6+vJV8WuUz.0;server=akswtt02300000w;cloudType=Consumer;environment=Prod_southindia_prod-s01-004-apac-southindia;migrationStage=NotStarted}
{"logTime": "1126/174403", "correlationVector":"JJclu7MYQGiOQsciuk4wdY","action":"Initial GetUpdates", "result":"", "context":Reason: NEWLY_SUPPORTED_DATATYPE. cV=JJclu7MYQGiOQsciuk4wdY}
{"logTime": "1126/174403", "correlationVector":"JJclu7MYQGiOQsciuk4wdY.1","action":"SyncServerConnectionManagerRequest", "result":"SYNC_SERVER_OK", "context":{"environment":"Prod_southindia_prod-s01-004-apac-southindia", "migrationStage":"NotStarted", "server":"akswtt023000011"}}
{"logTime": "1126/174403", "correlationVector":"JJclu7MYQGiOQsciuk4wdY.2","action":"ProcessGetUpdates", "result":"Done", "context":{"dataType":"Passwords", "deleted":"0", "process_failed_to_decrypt":"0", "process_pending_decryption":"0", "process_success":"20", "total":"20"}}
{"logTime": "1126/174403", "correlationVector":"JJclu7MYQGiOQsciuk4wdY.3","action":"GetUpdates Response", "result":"Success", "context":Received 20 update(s). cV=JJclu7MYQGiOQsciuk4wdY.0;server=akswtt023000011;cloudType=Consumer;environment=Prod_southindia_prod-s01-004-apac-southindia;migrationStage=NotStarted}
{"logTime": "1126/174403", "correlationVector":"/hYi2NVYMS7wqe5IwkcCm4","action":"Normal GetUpdate request", "result":"", "context":cV=/hYi2NVYMS7wqe5IwkcCm4
Nudged types: Sessions, History
Refresh requested types: Bookmarks, Preferences, Passwords, Autofill Profiles, Autofill, Extensions, Sessions, Extension settings, History Delete Directives, Device Info, User Consents, Send Tab To Self, Web Apps, History, Saved Tab Group, WebAuthn Credentials, Collection, Edge E Drop, Edge Hub App Usage, Edge Wallet, Encryption Keys}
{"logTime": "1126/174404", "correlationVector":"/hYi2NVYMS7wqe5IwkcCm4.1","action":"SyncServerConnectionManagerRequest", "result":"SYNC_SERVER_OK", "context":{"environment":"Prod_southindia_prod-s01-004-apac-southindia", "migrationStage":"NotStarted", "server":"akswtt023000015"}}
{"logTime": "1126/174404", "correlationVector":"/hYi2NVYMS7wqe5IwkcCm4.2","action":"ProcessGetUpdates", "result":"Done", "context":{"dataType":"Sessions", "deleted":"1", "process_failed_to_decrypt":"0", "process_pending_decryption":"0", "process_success":"3", "total":"3"}}
{"logTime": "1126/174404", "correlationVector":"/hYi2NVYMS7wqe5IwkcCm4.3","action":"ProcessGetUpdates", "result":"Done", "context":{"dataType":"History", "deleted":"0", "process_failed_to_decrypt":"0", "process_pending_decryption":"0", "process_success":"147", "total":"147"}}
{"logTime": "1126/174404", "correlationVector":"/hYi2NVYMS7wqe5IwkcCm4.4","action":"GetUpdates Response", "result":"Success", "context":Received 150 update(s). cV=/hYi2NVYMS7wqe5IwkcCm4.0;server=akswtt023000015;cloudType=Consumer;environment=Prod_southindia_prod-s01-004-apac-southindia;migrationStage=NotStarted}
{"logTime": "1126/174404", "correlationVector":"AvYxgwxzruJUFOgfpEdPYy","action":"Commit Request", "result":"", "context":Item count: 4
Contributing types: Sessions, History}
{"logTime": "1126/174405", "correlationVector":"AvYxgwxzruJUFOgfpEdPYy.1","action":"SyncServerConnectionManagerRequest", "result":"SYNC_SERVER_OK", "context":{"environment":"Prod_southindia_prod-s01-004-apac-southindia", "migrationStage":"NotStarted", "server":"akswtt02300000u"}}
{"logTime": "1126/174405", "correlationVector":"AvYxgwxzruJUFOgfpEdPYy.2","action":"Commit Response", "result":"Success", "context":Result: Success. cV=AvYxgwxzruJUFOgfpEdPYy.0;server=akswtt02300000u;cloudType=Consumer;environment=Prod_southindia_prod-s01-004-apac-southindia;migrationStage=NotStarted}
{"logTime": "1126/174505", "correlationVector":"v6QCnB5gnx94Moz6XWNrk4","action":"Commit Request", "result":"", "context":Item count: 2
Contributing types: Sessions, History}
{"logTime": "1126/174505", "correlationVector":"v6QCnB5gnx94Moz6XWNrk4.1","action":"SyncServerConnectionManagerRequest", "result":"SYNC_SERVER_OK", "context":{"environment":"Prod_southindia_prod-s01-004-apac-southindia", "migrationStage":"NotStarted", "server":"akswtt02300001a"}}
{"logTime": "1126/174505", "correlationVector":"v6QCnB5gnx94Moz6XWNrk4.2","action":"Commit Response", "result":"Success", "context":Result: Success. cV=v6QCnB5gnx94Moz6XWNrk4.0;server=akswtt02300001a;cloudType=Consumer;environment=Prod_southindia_prod-s01-004-apac-southindia;migrationStage=NotStarted}
{"logTime": "1126/174718", "correlationVector":"E9oN+Al59L/ur/otYrYWtn","action":"Commit Request", "result":"", "context":Item count: 12
Contributing types: Sessions, History}
{"logTime": "1126/174719", "correlationVector":"E9oN+Al59L/ur/otYrYWtn.1","action":"SyncServerConnectionManagerRequest", "result":"SYNC_SERVER_OK", "context":{"environment":"Prod_southindia_prod-s01-004-apac-southindia", "migrationStage":"NotStarted", "server":"akswtt02300001t"}}
{"logTime": "1126/174719", "correlationVector":"E9oN+Al59L/ur/otYrYWtn.3","action":"Commit.Sessions", "result":"Success", "context":{"id":"e2dc4039-ddd6-45ee-b90c-80773fe145ca", "isDeleted":"true", "size":"0", "version":"1764179045682"}}
{"logTime": "1126/174719", "correlationVector":"E9oN+Al59L/ur/otYrYWtn.2","action":"Commit Response", "result":"Success", "context":Result: Success. cV=E9oN+Al59L/ur/otYrYWtn.0;server=akswtt02300001t;cloudType=Consumer;environment=Prod_southindia_prod-s01-004-apac-southindia;migrationStage=NotStarted}
{"logTime": "1126/175046", "correlationVector":"MHPnTioMxCq9jBy1GZ0o34.1","action":"SyncServerConnectionManagerRequest", "result":"SYNC_SERVER_OK", "context":{"environment":"Prod_southindia_prod-s01-004-apac-southindia", "migrationStage":"NotStarted", "server":"akswtt02300001u"}}
{"logTime": "1126/175046", "correlationVector":"MHPnTioMxCq9jBy1GZ0o34.2","action":"ProcessGetUpdates", "result":"Done", "context":{"dataType":"Encryption Keys", "deleted":"0", "process_failed_to_decrypt":"0", "process_pending_decryption":"0", "process_success":"1", "total":"1"}}
{"logTime": "1126/175046", "correlationVector":"RP6rhZL1EIrZurjBbI50MW","action":"SyncServerConnectionManagerRequest", "result":"SYNC_SERVER_OK", "context":{"environment":"", "migrationStage":"", "server":""}}
{"logTime": "1126/175046", "correlationVector":"RP6rhZL1EIrZurjBbI50MW.0","action":"EncryptionKeysFetcher.DownloadKeys:", "result":"Success", "context":Key count: 5, Last key timestamp: 2025-09-17T17:46:37Z}
{"logTime": "1126/175046", "correlationVector":"RP6rhZL1EIrZurjBbI50MW.1","action":"EncryptionKeysManager::SetEncryptionKeys:", "result":"Success", "context":Key names[5]:[xsdDxamNQfnMMzFAO0itpEMSXpVcRbiWwavPRuk2kdTK5zVbU7g+jedbCJVLcH4dXsXtvEJ/eOuk7quPXKklBg==][dETfmaF3SR/HMP2vHF7NoM6fkNVKtg6n2hX3BHVGS+pTi+ZM2wK5srETG9WryYTr+7CAdO2NMpPEAOm7ybDP2w==][l2vZ5Jyz4TH/wj/cxxgE3lSLrQUWDLFRmNvBXdC/9eN0taXzMcfe+WKjbU4fwb805/HwRo4F3csvg2Ibafd3sg==][+nfjnoUO7MBd5pfoiTFRNdCALMIl/a5z39pQad0//Mxw1yY1LeXTO7ouVzmg/VVS/yrx0OnQ15sEbgaJ2D6Zrw==][WtlPtvfOL5P1pEui+0V+vyL04B3gvaU6hGM6qtxH1zyHIGruU8pnhPnwV0O/uqp6VMzqe98IMhtyFM9pcb23dg==]}
{"logTime": "1126/175046", "correlationVector":"RP6rhZL1EIrZurjBbI50MW.2","action":"EncryptionKeysManager::SetEncryptionKeysWithTimestamps:", "result":"Success", "context":Key timestamps[5]:[2023-08-22T09:35:37Z][2024-02-20T06:37:16Z][2024-08-19T13:08:32Z][2025-03-19T07:22:13Z][2025-09-17T17:46:37Z]}
{"logTime": "1126/175046", "correlationVector":"MHPnTioMxCq9jBy1GZ0o34","action":"Initial GetUpdates", "result":"", "context":Reason: NEW_CLIENT. cV=MHPnTioMxCq9jBy1GZ0o34}
{"logTime": "1126/175046", "correlationVector":"MHPnTioMxCq9jBy1GZ0o34.3","action":"GetUpdates Response", "result":"Success", "context":Received 1 update(s). cV=MHPnTioMxCq9jBy1GZ0o34.0;server=akswtt02300001u;cloudType=Consumer;environment=Prod_southindia_prod-s01-004-apac-southindia;migrationStage=NotStarted}
{"logTime": "1126/175046", "correlationVector":"tSPnxpIdzJe1n+X+TIyy6I","action":"Initial GetUpdates", "result":"", "context":Reason: NEWLY_SUPPORTED_DATATYPE. cV=tSPnxpIdzJe1n+X+TIyy6I}
{"logTime": "1126/175047", "correlationVector":"tSPnxpIdzJe1n+X+TIyy6I.1","action":"SyncServerConnectionManagerRequest", "result":"SYNC_SERVER_OK", "context":{"environment":"Prod_southindia_prod-s01-004-apac-southindia", "migrationStage":"NotStarted", "server":"akswtt023000022"}}
{"logTime": "1126/175047", "correlationVector":"tSPnxpIdzJe1n+X+TIyy6I.2","action":"ProcessGetUpdates", "result":"Done", "context":{"dataType":"Passwords", "deleted":"0", "process_failed_to_decrypt":"0", "process_pending_decryption":"0", "process_success":"20", "total":"20"}}
{"logTime": "1126/175047", "correlationVector":"tSPnxpIdzJe1n+X+TIyy6I.3","action":"GetUpdates Response", "result":"Success", "context":Received 20 update(s). cV=tSPnxpIdzJe1n+X+TIyy6I.0;server=akswtt023000022;cloudType=Consumer;environment=Prod_southindia_prod-s01-004-apac-southindia;migrationStage=NotStarted}
{"logTime": "1126/175047", "correlationVector":"6IUVz331oLujFKghMjuydO","action":"Normal GetUpdate request", "result":"", "context":cV=6IUVz331oLujFKghMjuydO
Nudged types: Sessions, History
Refresh requested types: Bookmarks, Preferences, Passwords, Autofill Profiles, Autofill, Extensions, Sessions, Extension settings, History Delete Directives, Device Info, User Consents, Send Tab To Self, Web Apps, History, Saved Tab Group, WebAuthn Credentials, Collection, Edge E Drop, Edge Hub App Usage, Edge Wallet, Encryption Keys}
{"logTime": "1126/175047", "correlationVector":"6IUVz331oLujFKghMjuydO.1","action":"SyncServerConnectionManagerRequest", "result":"SYNC_SERVER_OK", "context":{"environment":"Prod_southindia_prod-s01-004-apac-southindia", "migrationStage":"NotStarted", "server":"akswtt02300000e"}}
{"logTime": "1126/175047", "correlationVector":"6IUVz331oLujFKghMjuydO.2","action":"ProcessGetUpdates", "result":"Done", "context":{"dataType":"Sessions", "deleted":"1", "process_failed_to_decrypt":"0", "process_pending_decryption":"0", "process_success":"3", "total":"3"}}
{"logTime": "1126/175047", "correlationVector":"6IUVz331oLujFKghMjuydO.3","action":"ProcessGetUpdates", "result":"Done", "context":{"dataType":"History", "deleted":"0", "process_failed_to_decrypt":"0", "process_pending_decryption":"0", "process_success":"11", "total":"11"}}
{"logTime": "1126/175047", "correlationVector":"6IUVz331oLujFKghMjuydO.4","action":"GetUpdates Response", "result":"Success", "context":Received 14 update(s). cV=6IUVz331oLujFKghMjuydO.0;server=akswtt02300000e;cloudType=Consumer;environment=Prod_southindia_prod-s01-004-apac-southindia;migrationStage=NotStarted}
{"logTime": "1126/175047", "correlationVector":"64+1tGA4cOjNStu60hKjti","action":"Commit Request", "result":"", "context":Item count: 4
Contributing types: Sessions, History}
{"logTime": "1126/175048", "correlationVector":"64+1tGA4cOjNStu60hKjti.1","action":"SyncServerConnectionManagerRequest", "result":"SYNC_SERVER_OK", "context":{"environment":"Prod_southindia_prod-s01-004-apac-southindia", "migrationStage":"NotStarted", "server":"akswtt023000014"}}
{"logTime": "1126/175048", "correlationVector":"64+1tGA4cOjNStu60hKjti.3","action":"Commit.Sessions", "result":"Success", "context":{"id":"4e59b1b0-2df4-4f57-9c8b-a6eefb636866", "isDeleted":"true", "size":"0", "version":"1764179240424"}}
{"logTime": "1126/175048", "correlationVector":"64+1tGA4cOjNStu60hKjti.2","action":"Commit Response", "result":"Success", "context":Result: Success. cV=64+1tGA4cOjNStu60hKjti.0;server=akswtt023000014;cloudType=Consumer;environment=Prod_southindia_prod-s01-004-apac-southindia;migrationStage=NotStarted}
{"logTime": "1126/175148", "correlationVector":"8VLEDckpJ6to+7nLyaHXWc","action":"Commit Request", "result":"", "context":Item count: 6
Contributing types: Sessions, History}
{"logTime": "1126/175148", "correlationVector":"8VLEDckpJ6to+7nLyaHXWc.1","action":"SyncServerConnectionManagerRequest", "result":"SYNC_SERVER_OK", "context":{"environment":"Prod_southindia_prod-s01-004-apac-southindia", "migrationStage":"NotStarted", "server":"akswtt023000024"}}
{"logTime": "1126/175148", "correlationVector":"8VLEDckpJ6to+7nLyaHXWc.2","action":"Commit Response", "result":"Success", "context":Result: Success. cV=8VLEDckpJ6to+7nLyaHXWc.0;server=akswtt023000024;cloudType=Consumer;environment=Prod_southindia_prod-s01-004-apac-southindia;migrationStage=NotStarted}
{"logTime": "1126/175258", "correlationVector":"3lqm6cgr9JKTgTNQWIXf8f","action":"Commit Request", "result":"", "context":Item count: 9
Contributing types: Sessions, History}
{"logTime": "1126/175259", "correlationVector":"3lqm6cgr9JKTgTNQWIXf8f.1","action":"SyncServerConnectionManagerRequest", "result":"SYNC_SERVER_OK", "context":{"environment":"Prod_southindia_prod-s01-004-apac-southindia", "migrationStage":"NotStarted", "server":"akswtt02300001f"}}
{"logTime": "1126/175259", "correlationVector":"3lqm6cgr9JKTgTNQWIXf8f.2","action":"Commit Response", "result":"Success", "context":Result: Success. cV=3lqm6cgr9JKTgTNQWIXf8f.0;server=akswtt02300001f;cloudType=Consumer;environment=Prod_southindia_prod-s01-004-apac-southindia;migrationStage=NotStarted}
{"logTime": "1126/175735", "correlationVector":"od5YS+XFxaJ2D55M+ZEvGo.1","action":"SyncServerConnectionManagerRequest", "result":"SYNC_SERVER_OK", "context":{"environment":"Prod_southindia_prod-s01-004-apac-southindia", "migrationStage":"NotStarted", "server":"akswtt02300000g"}}
{"logTime": "1126/175735", "correlationVector":"od5YS+XFxaJ2D55M+ZEvGo.2","action":"ProcessGetUpdates", "result":"Done", "context":{"dataType":"Encryption Keys", "deleted":"0", "process_failed_to_decrypt":"0", "process_pending_decryption":"0", "process_success":"1", "total":"1"}}
{"logTime": "1126/175736", "correlationVector":"NnGJoBCSQ5DE1R4kUV1lIX","action":"SyncServerConnectionManagerRequest", "result":"SYNC_SERVER_OK", "context":{"environment":"", "migrationStage":"", "server":""}}
{"logTime": "1126/175736", "correlationVector":"NnGJoBCSQ5DE1R4kUV1lIX.0","action":"EncryptionKeysFetcher.DownloadKeys:", "result":"Success", "context":Key count: 5, Last key timestamp: 2025-09-17T17:46:37Z}
{"logTime": "1126/175736", "correlationVector":"NnGJoBCSQ5DE1R4kUV1lIX.1","action":"EncryptionKeysManager::SetEncryptionKeys:", "result":"Success", "context":Key names[5]:[xsdDxamNQfnMMzFAO0itpEMSXpVcRbiWwavPRuk2kdTK5zVbU7g+jedbCJVLcH4dXsXtvEJ/eOuk7quPXKklBg==][dETfmaF3SR/HMP2vHF7NoM6fkNVKtg6n2hX3BHVGS+pTi+ZM2wK5srETG9WryYTr+7CAdO2NMpPEAOm7ybDP2w==][l2vZ5Jyz4TH/wj/cxxgE3lSLrQUWDLFRmNvBXdC/9eN0taXzMcfe+WKjbU4fwb805/HwRo4F3csvg2Ibafd3sg==][+nfjnoUO7MBd5pfoiTFRNdCALMIl/a5z39pQad0//Mxw1yY1LeXTO7ouVzmg/VVS/yrx0OnQ15sEbgaJ2D6Zrw==][WtlPtvfOL5P1pEui+0V+vyL04B3gvaU6hGM6qtxH1zyHIGruU8pnhPnwV0O/uqp6VMzqe98IMhtyFM9pcb23dg==]}
{"logTime": "1126/175736", "correlationVector":"NnGJoBCSQ5DE1R4kUV1lIX.2","action":"EncryptionKeysManager::SetEncryptionKeysWithTimestamps:", "result":"Success", "context":Key timestamps[5]:[2023-08-22T09:35:37Z][2024-02-20T06:37:16Z][2024-08-19T13:08:32Z][2025-03-19T07:22:13Z][2025-09-17T17:46:37Z]}
{"logTime": "1126/175736", "correlationVector":"od5YS+XFxaJ2D55M+ZEvGo","action":"Initial GetUpdates", "result":"", "context":Reason: NEW_CLIENT. cV=od5YS+XFxaJ2D55M+ZEvGo}
{"logTime": "1126/175736", "correlationVector":"od5YS+XFxaJ2D55M+ZEvGo.3","action":"GetUpdates Response", "result":"Success", "context":Received 1 update(s). cV=od5YS+XFxaJ2D55M+ZEvGo.0;server=akswtt02300000g;cloudType=Consumer;environment=Prod_southindia_prod-s01-004-apac-southindia;migrationStage=NotStarted}
{"logTime": "1126/175736", "correlationVector":"5i3z5L4EYrFMre61m6CoLk","action":"Initial GetUpdates", "result":"", "context":Reason: NEWLY_SUPPORTED_DATATYPE. cV=5i3z5L4EYrFMre61m6CoLk}
{"logTime": "1126/175736", "correlationVector":"5i3z5L4EYrFMre61m6CoLk.1","action":"SyncServerConnectionManagerRequest", "result":"SYNC_SERVER_OK", "context":{"environment":"Prod_southindia_prod-s01-004-apac-southindia", "migrationStage":"NotStarted", "server":"akswtt02300000g"}}
{"logTime": "1126/175736", "correlationVector":"5i3z5L4EYrFMre61m6CoLk.2","action":"ProcessGetUpdates", "result":"Done", "context":{"dataType":"Passwords", "deleted":"0", "process_failed_to_decrypt":"0", "process_pending_decryption":"0", "process_success":"20", "total":"20"}}
{"logTime": "1126/175736", "correlationVector":"5i3z5L4EYrFMre61m6CoLk.3","action":"GetUpdates Response", "result":"Success", "context":Received 20 update(s). cV=5i3z5L4EYrFMre61m6CoLk.0;server=akswtt02300000g;cloudType=Consumer;environment=Prod_southindia_prod-s01-004-apac-southindia;migrationStage=NotStarted}
{"logTime": "1126/175736", "correlationVector":"VsGRJGK+AvdHP2/b+rwYeQ","action":"Normal GetUpdate request", "result":"", "context":cV=VsGRJGK+AvdHP2/b+rwYeQ
Nudged types: Sessions, History
Refresh requested types: Bookmarks, Preferences, Passwords, Autofill Profiles, Autofill, Extensions, Sessions, Extension settings, History Delete Directives, Device Info, User Consents, Send Tab To Self, Web Apps, History, Saved Tab Group, WebAuthn Credentials, Collection, Edge E Drop, Edge Hub App Usage, Edge Wallet, Encryption Keys}
{"logTime": "1126/175736", "correlationVector":"VsGRJGK+AvdHP2/b+rwYeQ.1","action":"SyncServerConnectionManagerRequest", "result":"SYNC_SERVER_OK", "context":{"environment":"Prod_southindia_prod-s01-004-apac-southindia", "migrationStage":"NotStarted", "server":"akswtt023000026"}}
{"logTime": "1126/175736", "correlationVector":"VsGRJGK+AvdHP2/b+rwYeQ.2","action":"ProcessGetUpdates", "result":"Done", "context":{"dataType":"Sessions", "deleted":"1", "process_failed_to_decrypt":"0", "process_pending_decryption":"0", "process_success":"3", "total":"3"}}
{"logTime": "1126/175736", "correlationVector":"VsGRJGK+AvdHP2/b+rwYeQ.3","action":"ProcessGetUpdates", "result":"Done", "context":{"dataType":"History", "deleted":"0", "process_failed_to_decrypt":"0", "process_pending_decryption":"0", "process_success":"13", "total":"13"}}
{"logTime": "1126/175736", "correlationVector":"VsGRJGK+AvdHP2/b+rwYeQ.4","action":"GetUpdates Response", "result":"Success", "context":Received 16 update(s). cV=VsGRJGK+AvdHP2/b+rwYeQ.0;server=akswtt023000026;cloudType=Consumer;environment=Prod_southindia_prod-s01-004-apac-southindia;migrationStage=NotStarted}
{"logTime": "1126/175736", "correlationVector":"qXuJy44M8lpmwRsMCfx18S","action":"Commit Request", "result":"", "context":Item count: 4
Contributing types: Sessions, History}
{"logTime": "1126/175737", "correlationVector":"qXuJy44M8lpmwRsMCfx18S.1","action":"SyncServerConnectionManagerRequest", "result":"SYNC_SERVER_OK", "context":{"environment":"Prod_southindia_prod-s01-004-apac-southindia", "migrationStage":"NotStarted", "server":"akswtt02300001m"}}
{"logTime": "1126/175737", "correlationVector":"qXuJy44M8lpmwRsMCfx18S.3","action":"Commit.Sessions", "result":"Success", "context":{"id":"e053242c-3961-44d1-8715-36c810f7b10d", "isDeleted":"true", "size":"0", "version":"1764179580220"}}
{"logTime": "1126/175737", "correlationVector":"qXuJy44M8lpmwRsMCfx18S.2","action":"Commit Response", "result":"Success", "context":Result: Success. cV=qXuJy44M8lpmwRsMCfx18S.0;server=akswtt02300001m;cloudType=Consumer;environment=Prod_southindia_prod-s01-004-apac-southindia;migrationStage=NotStarted}
{"logTime": "1126/175837", "correlationVector":"rYWCziG7aoy/eR6KfeCy4R","action":"Commit Request", "result":"", "context":Item count: 8
Contributing types: Sessions, History}
{"logTime": "1126/175838", "correlationVector":"rYWCziG7aoy/eR6KfeCy4R.1","action":"SyncServerConnectionManagerRequest", "result":"SYNC_SERVER_OK", "context":{"environment":"Prod_southindia_prod-s01-004-apac-southindia", "migrationStage":"NotStarted", "server":"akswtt02300000b"}}
{"logTime": "1126/175838", "correlationVector":"rYWCziG7aoy/eR6KfeCy4R.2","action":"Commit Response", "result":"Success", "context":Result: Success. cV=rYWCziG7aoy/eR6KfeCy4R.0;server=akswtt02300000b;cloudType=Consumer;environment=Prod_southindia_prod-s01-004-apac-southindia;migrationStage=NotStarted}
{"logTime": "1126/180205", "correlationVector":"JqFuPBYImMgEF6HzguSffp.1","action":"SyncServerConnectionManagerRequest", "result":"SYNC_SERVER_OK", "context":{"environment":"Prod_southindia_prod-s01-004-apac-southindia", "migrationStage":"NotStarted", "server":"akswtt02300000e"}}
{"logTime": "1126/180205", "correlationVector":"JqFuPBYImMgEF6HzguSffp.2","action":"ProcessGetUpdates", "result":"Done", "context":{"dataType":"Encryption Keys", "deleted":"0", "process_failed_to_decrypt":"0", "process_pending_decryption":"0", "process_success":"1", "total":"1"}}
{"logTime": "1126/180205", "correlationVector":"Nyk8C8ASLIz1eI1lg63qrj","action":"SyncServerConnectionManagerRequest", "result":"SYNC_SERVER_OK", "context":{"environment":"", "migrationStage":"", "server":""}}
{"logTime": "1126/180205", "correlationVector":"Nyk8C8ASLIz1eI1lg63qrj.0","action":"EncryptionKeysFetcher.DownloadKeys:", "result":"Success", "context":Key count: 5, Last key timestamp: 2025-09-17T17:46:37Z}
{"logTime": "1126/180205", "correlationVector":"Nyk8C8ASLIz1eI1lg63qrj.1","action":"EncryptionKeysManager::SetEncryptionKeys:", "result":"Success", "context":Key names[5]:[xsdDxamNQfnMMzFAO0itpEMSXpVcRbiWwavPRuk2kdTK5zVbU7g+jedbCJVLcH4dXsXtvEJ/eOuk7quPXKklBg==][dETfmaF3SR/HMP2vHF7NoM6fkNVKtg6n2hX3BHVGS+pTi+ZM2wK5srETG9WryYTr+7CAdO2NMpPEAOm7ybDP2w==][l2vZ5Jyz4TH/wj/cxxgE3lSLrQUWDLFRmNvBXdC/9eN0taXzMcfe+WKjbU4fwb805/HwRo4F3csvg2Ibafd3sg==][+nfjnoUO7MBd5pfoiTFRNdCALMIl/a5z39pQad0//Mxw1yY1LeXTO7ouVzmg/VVS/yrx0OnQ15sEbgaJ2D6Zrw==][WtlPtvfOL5P1pEui+0V+vyL04B3gvaU6hGM6qtxH1zyHIGruU8pnhPnwV0O/uqp6VMzqe98IMhtyFM9pcb23dg==]}
{"logTime": "1126/180205", "correlationVector":"Nyk8C8ASLIz1eI1lg63qrj.2","action":"EncryptionKeysManager::SetEncryptionKeysWithTimestamps:", "result":"Success", "context":Key timestamps[5]:[2023-08-22T09:35:37Z][2024-02-20T06:37:16Z][2024-08-19T13:08:32Z][2025-03-19T07:22:13Z][2025-09-17T17:46:37Z]}
{"logTime": "1126/180205", "correlationVector":"JqFuPBYImMgEF6HzguSffp","action":"Initial GetUpdates", "result":"", "context":Reason: NEW_CLIENT. cV=JqFuPBYImMgEF6HzguSffp}
{"logTime": "1126/180205", "correlationVector":"JqFuPBYImMgEF6HzguSffp.3","action":"GetUpdates Response", "result":"Success", "context":Received 1 update(s). cV=JqFuPBYImMgEF6HzguSffp.0;server=akswtt02300000e;cloudType=Consumer;environment=Prod_southindia_prod-s01-004-apac-southindia;migrationStage=NotStarted}
{"logTime": "1126/180205", "correlationVector":"l/Eaxd+mf2zQUN+cO6efOf","action":"Initial GetUpdates", "result":"", "context":Reason: NEWLY_SUPPORTED_DATATYPE. cV=l/Eaxd+mf2zQUN+cO6efOf}
{"logTime": "1126/180205", "correlationVector":"l/Eaxd+mf2zQUN+cO6efOf.1","action":"SyncServerConnectionManagerRequest", "result":"SYNC_SERVER_OK", "context":{"environment":"Prod_southindia_prod-s01-004-apac-southindia", "migrationStage":"NotStarted", "server":"akswtt02300001j"}}
{"logTime": "1126/180205", "correlationVector":"l/Eaxd+mf2zQUN+cO6efOf.2","action":"ProcessGetUpdates", "result":"Done", "context":{"dataType":"Passwords", "deleted":"0", "process_failed_to_decrypt":"0", "process_pending_decryption":"0", "process_success":"20", "total":"20"}}
{"logTime": "1126/180205", "correlationVector":"l/Eaxd+mf2zQUN+cO6efOf.3","action":"GetUpdates Response", "result":"Success", "context":Received 20 update(s). cV=l/Eaxd+mf2zQUN+cO6efOf.0;server=akswtt02300001j;cloudType=Consumer;environment=Prod_southindia_prod-s01-004-apac-southindia;migrationStage=NotStarted}
{"logTime": "1126/180205", "correlationVector":"vZRVV3tAuqHozl0xCc1AVB","action":"Normal GetUpdate request", "result":"", "context":cV=vZRVV3tAuqHozl0xCc1AVB
Nudged types: Sessions, History
Refresh requested types: Bookmarks, Preferences, Passwords, Autofill Profiles, Autofill, Extensions, Sessions, Extension settings, History Delete Directives, Device Info, User Consents, Send Tab To Self, Web Apps, History, Saved Tab Group, WebAuthn Credentials, Collection, Edge E Drop, Edge Hub App Usage, Edge Wallet, Encryption Keys}
{"logTime": "1126/180206", "correlationVector":"vZRVV3tAuqHozl0xCc1AVB.1","action":"SyncServerConnectionManagerRequest", "result":"SYNC_SERVER_OK", "context":{"environment":"Prod_southindia_prod-s01-004-apac-southindia", "migrationStage":"NotStarted", "server":"akswtt02300001w"}}
{"logTime": "1126/180206", "correlationVector":"vZRVV3tAuqHozl0xCc1AVB.2","action":"ProcessGetUpdates", "result":"Done", "context":{"dataType":"Sessions", "deleted":"1", "process_failed_to_decrypt":"0", "process_pending_decryption":"0", "process_success":"3", "total":"3"}}
{"logTime": "1126/180206", "correlationVector":"vZRVV3tAuqHozl0xCc1AVB.3","action":"ProcessGetUpdates", "result":"Done", "context":{"dataType":"History", "deleted":"0", "process_failed_to_decrypt":"0", "process_pending_decryption":"0", "process_success":"8", "total":"8"}}
{"logTime": "1126/180206", "correlationVector":"vZRVV3tAuqHozl0xCc1AVB.4","action":"GetUpdates Response", "result":"Success", "context":Received 11 update(s). cV=vZRVV3tAuqHozl0xCc1AVB.0;server=akswtt02300001w;cloudType=Consumer;environment=Prod_southindia_prod-s01-004-apac-southindia;migrationStage=NotStarted}
{"logTime": "1126/180206", "correlationVector":"YvI32sdKSVoaWFtUNivc7G","action":"Commit Request", "result":"", "context":Item count: 4
Contributing types: Sessions, History}
{"logTime": "1126/180207", "correlationVector":"YvI32sdKSVoaWFtUNivc7G.1","action":"SyncServerConnectionManagerRequest", "result":"SYNC_SERVER_OK", "context":{"environment":"Prod_southindia_prod-s01-004-apac-southindia", "migrationStage":"NotStarted", "server":"akswtt02300001i"}}
{"logTime": "1126/180207", "correlationVector":"YvI32sdKSVoaWFtUNivc7G.3","action":"Commit.Sessions", "result":"Success", "context":{"id":"15a2a6e0-8faa-4ea0-881d-2a961bfce373", "isDeleted":"true", "size":"0", "version":"1764179919198"}}
{"logTime": "1126/180207", "correlationVector":"YvI32sdKSVoaWFtUNivc7G.2","action":"Commit Response", "result":"Success", "context":Result: Success. cV=YvI32sdKSVoaWFtUNivc7G.0;server=akswtt02300001i;cloudType=Consumer;environment=Prod_southindia_prod-s01-004-apac-southindia;migrationStage=NotStarted}
{"logTime": "1126/180307", "correlationVector":"xL3/4Q0tQvKfq427qJHtmz","action":"Commit Request", "result":"", "context":Item count: 27
Contributing types: Sessions, History}
{"logTime": "1126/180309", "correlationVector":"xL3/4Q0tQvKfq427qJHtmz.1","action":"SyncServerConnectionManagerRequest", "result":"SYNC_SERVER_OK", "context":{"environment":"Prod_southindia_prod-s01-004-apac-southindia", "migrationStage":"NotStarted", "server":"akswtt023000008"}}
{"logTime": "1126/180309", "correlationVector":"xL3/4Q0tQvKfq427qJHtmz.2","action":"Commit Response", "result":"Success", "context":Result: Success. cV=xL3/4Q0tQvKfq427qJHtmz.0;server=akswtt023000008;cloudType=Consumer;environment=Prod_southindia_prod-s01-004-apac-southindia;migrationStage=NotStarted}
{"logTime": "1126/180409", "correlationVector":"Cybk4yVU6KBQ2noEznBoim","action":"Commit Request", "result":"", "context":Item count: 23
Contributing types: Sessions, History}
{"logTime": "1126/180411", "correlationVector":"Cybk4yVU6KBQ2noEznBoim.1","action":"SyncServerConnectionManagerRequest", "result":"SYNC_SERVER_OK", "context":{"environment":"Prod_southindia_prod-s01-004-apac-southindia", "migrationStage":"NotStarted", "server":"akswtt02300000j"}}
{"logTime": "1126/180411", "correlationVector":"Cybk4yVU6KBQ2noEznBoim.2","action":"Commit Response", "result":"Success", "context":Result: Success. cV=Cybk4yVU6KBQ2noEznBoim.0;server=akswtt02300000j;cloudType=Consumer;environment=Prod_southindia_prod-s01-004-apac-southindia;migrationStage=NotStarted}
{"logTime": "1126/180539", "correlationVector":"9G4XS0kG3HV93PREZbBpGm","action":"Commit Request", "result":"", "context":Item count: 7
Contributing types: Sessions, History}
{"logTime": "1126/180540", "correlationVector":"9G4XS0kG3HV93PREZbBpGm.1","action":"SyncServerConnectionManagerRequest", "result":"SYNC_SERVER_OK", "context":{"environment":"Prod_southindia_prod-s01-004-apac-southindia", "migrationStage":"NotStarted", "server":"akswtt023000015"}}
{"logTime": "1126/180540", "correlationVector":"9G4XS0kG3HV93PREZbBpGm.2","action":"Commit Response", "result":"Success", "context":Result: Success. cV=9G4XS0kG3HV93PREZbBpGm.0;server=akswtt023000015;cloudType=Consumer;environment=Prod_southindia_prod-s01-004-apac-southindia;migrationStage=NotStarted}
{"logTime": "1126/180802", "correlationVector":"Rj4CnXI/6ZdBNSh823t5aB.1","action":"SyncServerConnectionManagerRequest", "result":"SYNC_SERVER_OK", "context":{"environment":"Prod_southindia_prod-s01-004-apac-southindia", "migrationStage":"NotStarted", "server":"akswtt02300001s"}}
{"logTime": "1126/180802", "correlationVector":"Rj4CnXI/6ZdBNSh823t5aB.2","action":"ProcessGetUpdates", "result":"Done", "context":{"dataType":"Encryption Keys", "deleted":"0", "process_failed_to_decrypt":"0", "process_pending_decryption":"0", "process_success":"1", "total":"1"}}
{"logTime": "1126/180802", "correlationVector":"TBwg7J9nwsb1EkM/BeKOjs","action":"SyncServerConnectionManagerRequest", "result":"SYNC_SERVER_OK", "context":{"environment":"", "migrationStage":"", "server":""}}
{"logTime": "1126/180802", "correlationVector":"TBwg7J9nwsb1EkM/BeKOjs.0","action":"EncryptionKeysFetcher.DownloadKeys:", "result":"Success", "context":Key count: 5, Last key timestamp: 2025-09-17T17:46:37Z}
{"logTime": "1126/180802", "correlationVector":"TBwg7J9nwsb1EkM/BeKOjs.1","action":"EncryptionKeysManager::SetEncryptionKeys:", "result":"Success", "context":Key names[5]:[xsdDxamNQfnMMzFAO0itpEMSXpVcRbiWwavPRuk2kdTK5zVbU7g+jedbCJVLcH4dXsXtvEJ/eOuk7quPXKklBg==][dETfmaF3SR/HMP2vHF7NoM6fkNVKtg6n2hX3BHVGS+pTi+ZM2wK5srETG9WryYTr+7CAdO2NMpPEAOm7ybDP2w==][l2vZ5Jyz4TH/wj/cxxgE3lSLrQUWDLFRmNvBXdC/9eN0taXzMcfe+WKjbU4fwb805/HwRo4F3csvg2Ibafd3sg==][+nfjnoUO7MBd5pfoiTFRNdCALMIl/a5z39pQad0//Mxw1yY1LeXTO7ouVzmg/VVS/yrx0OnQ15sEbgaJ2D6Zrw==][WtlPtvfOL5P1pEui+0V+vyL04B3gvaU6hGM6qtxH1zyHIGruU8pnhPnwV0O/uqp6VMzqe98IMhtyFM9pcb23dg==]}
{"logTime": "1126/180802", "correlationVector":"TBwg7J9nwsb1EkM/BeKOjs.2","action":"EncryptionKeysManager::SetEncryptionKeysWithTimestamps:", "result":"Success", "context":Key timestamps[5]:[2023-08-22T09:35:37Z][2024-02-20T06:37:16Z][2024-08-19T13:08:32Z][2025-03-19T07:22:13Z][2025-09-17T17:46:37Z]}
{"logTime": "1126/180802", "correlationVector":"Rj4CnXI/6ZdBNSh823t5aB","action":"Initial GetUpdates", "result":"", "context":Reason: NEW_CLIENT. cV=Rj4CnXI/6ZdBNSh823t5aB}
{"logTime": "1126/180802", "correlationVector":"Rj4CnXI/6ZdBNSh823t5aB.3","action":"GetUpdates Response", "result":"Success", "context":Received 1 update(s). cV=Rj4CnXI/6ZdBNSh823t5aB.0;server=akswtt02300001s;cloudType=Consumer;environment=Prod_southindia_prod-s01-004-apac-southindia;migrationStage=NotStarted}
{"logTime": "1126/180802", "correlationVector":"buhKqUHEI7m8jKLiEVIW9h","action":"Initial GetUpdates", "result":"", "context":Reason: NEWLY_SUPPORTED_DATATYPE. cV=buhKqUHEI7m8jKLiEVIW9h}
{"logTime": "1126/180803", "correlationVector":"buhKqUHEI7m8jKLiEVIW9h.1","action":"SyncServerConnectionManagerRequest", "result":"SYNC_SERVER_OK", "context":{"environment":"Prod_southindia_prod-s01-004-apac-southindia", "migrationStage":"NotStarted", "server":"akswtt02300002c"}}
{"logTime": "1126/180803", "correlationVector":"buhKqUHEI7m8jKLiEVIW9h.2","action":"ProcessGetUpdates", "result":"Done", "context":{"dataType":"Passwords", "deleted":"0", "process_failed_to_decrypt":"0", "process_pending_decryption":"0", "process_success":"20", "total":"20"}}
{"logTime": "1126/180803", "correlationVector":"buhKqUHEI7m8jKLiEVIW9h.3","action":"GetUpdates Response", "result":"Success", "context":Received 20 update(s). cV=buhKqUHEI7m8jKLiEVIW9h.0;server=akswtt02300002c;cloudType=Consumer;environment=Prod_southindia_prod-s01-004-apac-southindia;migrationStage=NotStarted}
{"logTime": "1126/180803", "correlationVector":"wuzXh8LKl0Mj6QvK2OyxJF","action":"Normal GetUpdate request", "result":"", "context":cV=wuzXh8LKl0Mj6QvK2OyxJF
Nudged types: Sessions, History
Refresh requested types: Bookmarks, Preferences, Passwords, Autofill Profiles, Autofill, Extensions, Sessions, Extension settings, History Delete Directives, Device Info, User Consents, Send Tab To Self, Web Apps, History, Saved Tab Group, WebAuthn Credentials, Collection, Edge E Drop, Edge Hub App Usage, Edge Wallet, Encryption Keys}
{"logTime": "1126/180803", "correlationVector":"wuzXh8LKl0Mj6QvK2OyxJF.1","action":"SyncServerConnectionManagerRequest", "result":"SYNC_SERVER_OK", "context":{"environment":"Prod_southindia_prod-s01-004-apac-southindia", "migrationStage":"NotStarted", "server":"akswtt02300000r"}}
{"logTime": "1126/180803", "correlationVector":"wuzXh8LKl0Mj6QvK2OyxJF.2","action":"ProcessGetUpdates", "result":"Done", "context":{"dataType":"Sessions", "deleted":"1", "process_failed_to_decrypt":"0", "process_pending_decryption":"0", "process_success":"3", "total":"3"}}
{"logTime": "1126/180803", "correlationVector":"wuzXh8LKl0Mj6QvK2OyxJF.3","action":"ProcessGetUpdates", "result":"Done", "context":{"dataType":"History", "deleted":"0", "process_failed_to_decrypt":"0", "process_pending_decryption":"0", "process_success":"53", "total":"53"}}
{"logTime": "1126/180803", "correlationVector":"wuzXh8LKl0Mj6QvK2OyxJF.4","action":"GetUpdates Response", "result":"Success", "context":Received 56 update(s). cV=wuzXh8LKl0Mj6QvK2OyxJF.0;server=akswtt02300000r;cloudType=Consumer;environment=Prod_southindia_prod-s01-004-apac-southindia;migrationStage=NotStarted}
{"logTime": "1126/180803", "correlationVector":"zQENhAZpPoqgBCZxqZEaTv","action":"Commit Request", "result":"", "context":Item count: 4
Contributing types: Sessions, History}
{"logTime": "1126/180804", "correlationVector":"zQENhAZpPoqgBCZxqZEaTv.1","action":"SyncServerConnectionManagerRequest", "result":"SYNC_SERVER_OK", "context":{"environment":"Prod_southindia_prod-s01-004-apac-southindia", "migrationStage":"NotStarted", "server":"akswtt02300000f"}}
{"logTime": "1126/180804", "correlationVector":"zQENhAZpPoqgBCZxqZEaTv.3","action":"Commit.Sessions", "result":"Success", "context":{"id":"7dc83c9b-8bdc-4968-a05a-30485f3a4faf", "isDeleted":"true", "size":"0", "version":"1764180340897"}}
{"logTime": "1126/180804", "correlationVector":"zQENhAZpPoqgBCZxqZEaTv.2","action":"Commit Response", "result":"Success", "context":Result: Success. cV=zQENhAZpPoqgBCZxqZEaTv.0;server=akswtt02300000f;cloudType=Consumer;environment=Prod_southindia_prod-s01-004-apac-southindia;migrationStage=NotStarted}
{"logTime": "1126/180904", "correlationVector":"vXP6jullsCm3nswOSD7vdH","action":"Commit Request", "result":"", "context":Item count: 18
Contributing types: Sessions, History}
{"logTime": "1126/180906", "correlationVector":"vXP6jullsCm3nswOSD7vdH.1","action":"SyncServerConnectionManagerRequest", "result":"SYNC_SERVER_OK", "context":{"environment":"Prod_southindia_prod-s01-004-apac-southindia", "migrationStage":"NotStarted", "server":"akswtt023000027"}}
{"logTime": "1126/180906", "correlationVector":"vXP6jullsCm3nswOSD7vdH.2","action":"Commit Response", "result":"Success", "context":Result: Success. cV=vXP6jullsCm3nswOSD7vdH.0;server=akswtt023000027;cloudType=Consumer;environment=Prod_southindia_prod-s01-004-apac-southindia;migrationStage=NotStarted}
{"logTime": "1127/051536", "correlationVector":"ZyoehLqlW5kJhJdklvbDpW.1","action":"SyncServerConnectionManagerRequest", "result":"SYNC_SERVER_OK", "context":{"environment":"Prod_southindia_prod-s01-004-apac-southindia", "migrationStage":"NotStarted", "server":"akswtt02300002a"}}
{"logTime": "1127/051536", "correlationVector":"ZyoehLqlW5kJhJdklvbDpW.2","action":"ProcessGetUpdates", "result":"Done", "context":{"dataType":"Encryption Keys", "deleted":"0", "process_failed_to_decrypt":"0", "process_pending_decryption":"0", "process_success":"1", "total":"1"}}
{"logTime": "1127/051537", "correlationVector":"usnrcPsvdRxqz2Us4NVxiJ","action":"SyncServerConnectionManagerRequest", "result":"SYNC_SERVER_OK", "context":{"environment":"", "migrationStage":"", "server":""}}
{"logTime": "1127/051537", "correlationVector":"usnrcPsvdRxqz2Us4NVxiJ.0","action":"EncryptionKeysFetcher.DownloadKeys:", "result":"Success", "context":Key count: 5, Last key timestamp: 2025-09-17T17:46:37Z}
{"logTime": "1127/051537", "correlationVector":"usnrcPsvdRxqz2Us4NVxiJ.1","action":"EncryptionKeysManager::SetEncryptionKeys:", "result":"Success", "context":Key names[5]:[xsdDxamNQfnMMzFAO0itpEMSXpVcRbiWwavPRuk2kdTK5zVbU7g+jedbCJVLcH4dXsXtvEJ/eOuk7quPXKklBg==][dETfmaF3SR/HMP2vHF7NoM6fkNVKtg6n2hX3BHVGS+pTi+ZM2wK5srETG9WryYTr+7CAdO2NMpPEAOm7ybDP2w==][l2vZ5Jyz4TH/wj/cxxgE3lSLrQUWDLFRmNvBXdC/9eN0taXzMcfe+WKjbU4fwb805/HwRo4F3csvg2Ibafd3sg==][+nfjnoUO7MBd5pfoiTFRNdCALMIl/a5z39pQad0//Mxw1yY1LeXTO7ouVzmg/VVS/yrx0OnQ15sEbgaJ2D6Zrw==][WtlPtvfOL5P1pEui+0V+vyL04B3gvaU6hGM6qtxH1zyHIGruU8pnhPnwV0O/uqp6VMzqe98IMhtyFM9pcb23dg==]}
{"logTime": "1127/051537", "correlationVector":"usnrcPsvdRxqz2Us4NVxiJ.2","action":"EncryptionKeysManager::SetEncryptionKeysWithTimestamps:", "result":"Success", "context":Key timestamps[5]:[2023-08-22T09:35:37Z][2024-02-20T06:37:16Z][2024-08-19T13:08:32Z][2025-03-19T07:22:13Z][2025-09-17T17:46:37Z]}
{"logTime": "1127/051537", "correlationVector":"ZyoehLqlW5kJhJdklvbDpW","action":"Initial GetUpdates", "result":"", "context":Reason: NEW_CLIENT. cV=ZyoehLqlW5kJhJdklvbDpW}
{"logTime": "1127/051537", "correlationVector":"ZyoehLqlW5kJhJdklvbDpW.3","action":"GetUpdates Response", "result":"Success", "context":Received 1 update(s). cV=ZyoehLqlW5kJhJdklvbDpW.0;server=akswtt02300002a;cloudType=Consumer;environment=Prod_southindia_prod-s01-004-apac-southindia;migrationStage=NotStarted}
{"logTime": "1127/051537", "correlationVector":"Bj5HsSQAO18q4C5Hi2cQ3H","action":"Initial GetUpdates", "result":"", "context":Reason: NEWLY_SUPPORTED_DATATYPE. cV=Bj5HsSQAO18q4C5Hi2cQ3H}
{"logTime": "1127/051537", "correlationVector":"Bj5HsSQAO18q4C5Hi2cQ3H.1","action":"SyncServerConnectionManagerRequest", "result":"SYNC_SERVER_OK", "context":{"environment":"Prod_southindia_prod-s01-004-apac-southindia", "migrationStage":"NotStarted", "server":"akswtt023000029"}}
{"logTime": "1127/051537", "correlationVector":"Bj5HsSQAO18q4C5Hi2cQ3H.2","action":"ProcessGetUpdates", "result":"Done", "context":{"dataType":"Passwords", "deleted":"0", "process_failed_to_decrypt":"0", "process_pending_decryption":"0", "process_success":"20", "total":"20"}}
{"logTime": "1127/051537", "correlationVector":"Bj5HsSQAO18q4C5Hi2cQ3H.3","action":"GetUpdates Response", "result":"Success", "context":Received 20 update(s). cV=Bj5HsSQAO18q4C5Hi2cQ3H.0;server=akswtt023000029;cloudType=Consumer;environment=Prod_southindia_prod-s01-004-apac-southindia;migrationStage=NotStarted}
{"logTime": "1127/051538", "correlationVector":"9h03/+QQiUzGaeQF/9on3t","action":"Normal GetUpdate request", "result":"", "context":cV=9h03/+QQiUzGaeQF/9on3t
Nudged types: Sessions, History
Refresh requested types: Bookmarks, Preferences, Passwords, Autofill Profiles, Autofill, Extensions, Sessions, Extension settings, History Delete Directives, Device Info, User Consents, Send Tab To Self, Web Apps, History, Saved Tab Group, WebAuthn Credentials, Collection, Edge E Drop, Edge Hub App Usage, Edge Wallet, Encryption Keys}
{"logTime": "1127/051539", "correlationVector":"9h03/+QQiUzGaeQF/9on3t.1","action":"SyncServerConnectionManagerRequest", "result":"SYNC_SERVER_OK", "context":{"environment":"Prod_southindia_prod-s01-004-apac-southindia", "migrationStage":"NotStarted", "server":"akswtt02300000e"}}
{"logTime": "1127/051539", "correlationVector":"9h03/+QQiUzGaeQF/9on3t.2","action":"ProcessGetUpdates", "result":"Done", "context":{"dataType":"Sessions", "deleted":"1", "process_failed_to_decrypt":"0", "process_pending_decryption":"0", "process_success":"3", "total":"3"}}
{"logTime": "1127/051539", "correlationVector":"9h03/+QQiUzGaeQF/9on3t.3","action":"ProcessGetUpdates", "result":"Done", "context":{"dataType":"History", "deleted":"0", "process_failed_to_decrypt":"0", "process_pending_decryption":"0", "process_success":"18", "total":"18"}}
{"logTime": "1127/051539", "correlationVector":"9h03/+QQiUzGaeQF/9on3t.4","action":"GetUpdates Response", "result":"Success", "context":Received 21 update(s). cV=9h03/+QQiUzGaeQF/9on3t.0;server=akswtt02300000e;cloudType=Consumer;environment=Prod_southindia_prod-s01-004-apac-southindia;migrationStage=NotStarted}
{"logTime": "1127/051539", "correlationVector":"8mVFTjmC7HEjM0vxZaQ+EE","action":"Commit Request", "result":"", "context":Item count: 4
Contributing types: Sessions, History}
{"logTime": "1127/051541", "correlationVector":"8mVFTjmC7HEjM0vxZaQ+EE.1","action":"SyncServerConnectionManagerRequest", "result":"SYNC_SERVER_OK", "context":{"environment":"Prod_southindia_prod-s01-004-apac-southindia", "migrationStage":"NotStarted", "server":"akswtt023000013"}}
{"logTime": "1127/051541", "correlationVector":"8mVFTjmC7HEjM0vxZaQ+EE.3","action":"Commit.Sessions", "result":"Success", "context":{"id":"cec601fa-16ec-45e4-833c-607621f30494", "isDeleted":"true", "size":"0", "version":"1764180546245"}}
{"logTime": "1127/051541", "correlationVector":"8mVFTjmC7HEjM0vxZaQ+EE.2","action":"Commit Response", "result":"Success", "context":Result: Success. cV=8mVFTjmC7HEjM0vxZaQ+EE.0;server=akswtt023000013;cloudType=Consumer;environment=Prod_southindia_prod-s01-004-apac-southindia;migrationStage=NotStarted}
{"logTime": "1127/051541", "correlationVector":"7JrdORmWbFxKAB/3G7qpCp","action":"Poll GetUpdate request", "result":"", "context":cV=7JrdORmWbFxKAB/3G7qpCp}
{"logTime": "1127/051541", "correlationVector":"7JrdORmWbFxKAB/3G7qpCp.1","action":"SyncServerConnectionManagerRequest", "result":"SYNC_SERVER_OK", "context":{"environment":"Prod_southindia_prod-s01-004-apac-southindia", "migrationStage":"NotStarted", "server":"akswtt02300001q"}}
{"logTime": "1127/051541", "correlationVector":"7JrdORmWbFxKAB/3G7qpCp.2","action":"ProcessGetUpdates", "result":"Done", "context":{"dataType":"Sessions", "deleted":"1", "process_failed_to_decrypt":"0", "process_pending_decryption":"0", "process_success":"3", "total":"3"}}
{"logTime": "1127/051541", "correlationVector":"7JrdORmWbFxKAB/3G7qpCp.3","action":"ProcessGetUpdates", "result":"Done", "context":{"dataType":"History", "deleted":"0", "process_failed_to_decrypt":"0", "process_pending_decryption":"0", "process_success":"1", "total":"1"}}
{"logTime": "1127/051541", "correlationVector":"7JrdORmWbFxKAB/3G7qpCp.4","action":"GetUpdates Response", "result":"Success", "context":Received 4 update(s). cV=7JrdORmWbFxKAB/3G7qpCp.0;server=akswtt02300001q;cloudType=Consumer;environment=Prod_southindia_prod-s01-004-apac-southindia;migrationStage=NotStarted}
{"logTime": "1127/051641", "correlationVector":"VZgnrkDRQzn5CNnfAhGKPm","action":"Commit Request", "result":"", "context":Item count: 12
Contributing types: Sessions, History}
{"logTime": "1127/051643", "correlationVector":"VZgnrkDRQzn5CNnfAhGKPm.1","action":"SyncServerConnectionManagerRequest", "result":"SYNC_SERVER_OK", "context":{"environment":"Prod_southindia_prod-s01-004-apac-southindia", "migrationStage":"NotStarted", "server":"akswtt023000014"}}
{"logTime": "1127/051643", "correlationVector":"VZgnrkDRQzn5CNnfAhGKPm.2","action":"Commit Response", "result":"Success", "context":Result: Success. cV=VZgnrkDRQzn5CNnfAhGKPm.0;server=akswtt023000014;cloudType=Consumer;environment=Prod_southindia_prod-s01-004-apac-southindia;migrationStage=NotStarted}
